[2026-09-11T12:54:44.711Z] GET file:///Users/ruru/giloo-shorts-talk/index.html → 200 (1ms, 53425B)
[2026-09-11T12:54:44.717Z] GET https://fonts.googleapis.com/css2?family=Newsreader:opsz,wght@6..72,300;6..72,400;6..72,500;6..72,600&family=IBM+Plex+Sans:wght@400;500;600&family=Noto+Sans+TC:wght@300;400;500&display=swap → 200 (166ms, 101109B)
[2026-09-11T12:54:45.018Z] GET https://fonts.gstatic.com/s/newsreader/v26/cY9AfjOCX1hbuyalUrK4397yjIJFJpc.woff2 → pending (?ms, ?B)
[2026-09-11T12:54:45.018Z] GET https://fonts.gstatic.com/s/ibmplexsans/v23/zYXzKVElMYYaJe8bpLHnCwDKr932-G7dytD-Dmu1syxeKYbSB4Zh.woff2 → pending (?ms, ?B)
[2026-09-11T12:54:45.018Z] GET https://fonts.gstatic.com/s/notosanstc/v39/-nF7OG829Oofr2wohFbTp9iFOisNA_cTyNromxqQuEMQ2wHYwbnmy1R1jDujLebozBXCo2qYhRo.118.woff2 → pending (?ms, ?B)
[2026-09-11T12:54:45.018Z] GET https://fonts.gstatic.com/s/notosanstc/v39/-nF7OG829Oofr2wohFbTp9iFOisNA_cTyNromxqQuEMQ2wHYwbnmy1R1jDujLebozBXCo2qYhRo.116.woff2 → pending (?ms, ?B)
[2026-09-11T12:54:45.018Z] GET https://fonts.gstatic.com/s/notosanstc/v39/-nF7OG829Oofr2wohFbTp9iFOisNA_cTyNromxqQuEMQ2wHYwbnmy1R1jDujLebozBXCo2qYhRo.117.woff2 → pending (?ms, ?B)
[2026-09-11T12:54:45.018Z] GET https://fonts.gstatic.com/s/notosanstc/v39/-nF7OG829Oofr2wohFbTp9iFOisNA_cTyNromxqQuEMQ2wHYwbnmy1R1jDujLebozBXCo2qYhRo.119.woff2 → pending (?ms, ?B)
[2026-09-11T12:54:45.019Z] GET https://fonts.gstatic.com/s/notosanstc/v39/-nF7OG829Oofr2wohFbTp9i1OCEKIfVZ1w.woff2 → pending (?ms, ?B)
[2026-09-11T12:54:45.019Z] GET https://fonts.gstatic.com/s/notosanstc/v39/-nF7OG829Oofr2wohFbTp9iFOisNA_cTyNromxqQuEMQ2wHYwbnmy1R1jDujLebozBXCo2qYhRo.115.woff2 → pending (?ms, ?B)
[2026-09-11T12:54:45.019Z] GET https://fonts.gstatic.com/s/notosanstc/v39/-nF7OG829Oofr2wohFbTp9iFOisNA_cTyNromxqQuEMQ2wHYwbnmy1R1jDujLebozBXCo2qYhRo.113.woff2 → pending (?ms, ?B)
[2026-09-11T12:54:45.019Z] GET https://fonts.gstatic.com/s/notosanstc/v39/-nF7OG829Oofr2wohFbTp9iFOisNA_cTyNromxqQuEMQ2wHYwbnmy1R1jDujLebozBXCo2qYhRo.112.woff2 → pending (?ms, ?B)
[2026-09-11T12:54:45.019Z] GET https://fonts.gstatic.com/s/notosanstc/v39/-nF7OG829Oofr2wohFbTp9iFOisNA_cTyNromxqQuEMQ2wHYwbnmy1R1jDujLebozBXCo2qYhRo.111.woff2 → pending (?ms, ?B)
[2026-09-11T12:54:45.019Z] GET https://fonts.gstatic.com/s/notosanstc/v39/-nF7OG829Oofr2wohFbTp9iFOisNA_cTyNromxqQuEMQ2wHYwbnmy1R1jDujLebozBXCo2qYhRo.114.woff2 → pending (?ms, ?B)
[2026-09-11T12:54:45.020Z] GET https://fonts.gstatic.com/s/notosanstc/v39/-nF7OG829Oofr2wohFbTp9iFOisNA_cTyNromxqQuEMQ2wHYwbnmy1R1jDujLebozBXCo2qYhRo.109.woff2 → pending (?ms, ?B)
[2026-09-11T12:54:45.020Z] GET https://fonts.gstatic.com/s/notosanstc/v39/-nF7OG829Oofr2wohFbTp9iFOisNA_cTyNromxqQuEMQ2wHYwbnmy1R1jDujLebozBXCo2qYhRo.110.woff2 → pending (?ms, ?B)
[2026-09-11T12:54:45.020Z] GET https://fonts.gstatic.com/s/notosanstc/v39/-nF7OG829Oofr2wohFbTp9iFOisNA_cTyNromxqQuEMQ2wHYwbnmy1R1jDujLebozBXCo2qYhRo.106.woff2 → pending (?ms, ?B)
[2026-09-11T12:54:47.694Z] GET file:///Users/ruru/giloo-shorts-talk/index.html → 200 (?ms, 53425B)
[2026-09-11T12:54:47.697Z] GET https://fonts.googleapis.com/css2?family=Newsreader:opsz,wght@6..72,300;6..72,400;6..72,500;6..72,600&family=IBM+Plex+Sans:wght@400;500;600&family=Noto+Sans+TC:wght@300;400;500&display=swap → 200 (1ms, -698B)
[2026-09-11T12:54:47.702Z] GET https://fonts.gstatic.com/s/newsreader/v26/cY9AfjOCX1hbuyalUrK4397yjIJFJpc.woff2 → 200 (2ms, -816B)
[2026-09-11T12:54:47.702Z] GET https://fonts.gstatic.com/s/ibmplexsans/v23/zYXzKVElMYYaJe8bpLHnCwDKr932-G7dytD-Dmu1syxeKYbSB4Zh.woff2 → 200 (2ms, -815B)
[2026-09-11T12:54:47.703Z] GET https://fonts.gstatic.com/s/notosanstc/v39/-nF7OG829Oofr2wohFbTp9iFOisNA_cTyNromxqQuEMQ2wHYwbnmy1R1jDujLebozBXCo2qYhRo.118.woff2 → 200 (1ms, -815B)
[2026-09-11T12:54:47.703Z] GET https://fonts.gstatic.com/s/notosanstc/v39/-nF7OG829Oofr2wohFbTp9iFOisNA_cTyNromxqQuEMQ2wHYwbnmy1R1jDujLebozBXCo2qYhRo.116.woff2 → 200 (1ms, -815B)
[2026-09-11T12:54:47.703Z] GET https://fonts.gstatic.com/s/notosanstc/v39/-nF7OG829Oofr2wohFbTp9iFOisNA_cTyNromxqQuEMQ2wHYwbnmy1R1jDujLebozBXCo2qYhRo.117.woff2 → 200 (1ms, -815B)
[2026-09-11T12:54:47.703Z] GET https://fonts.gstatic.com/s/notosanstc/v39/-nF7OG829Oofr2wohFbTp9iFOisNA_cTyNromxqQuEMQ2wHYwbnmy1R1jDujLebozBXCo2qYhRo.119.woff2 → 200 (1ms, -815B)
[2026-09-11T12:54:47.703Z] GET https://fonts.gstatic.com/s/notosanstc/v39/-nF7OG829Oofr2wohFbTp9i1OCEKIfVZ1w.woff2 → 200 (1ms, -814B)
[2026-09-11T12:54:47.722Z] GET https://fonts.gstatic.com/s/notosanstc/v39/-nF7OG829Oofr2wohFbTp9iFOisNA_cTyNromxqQuEMQ2wHYwbnmy1R1jDujLebozBXCo2qYhRo.115.woff2 → 200 (1ms, -814B)
[2026-09-11T12:54:47.722Z] GET https://fonts.gstatic.com/s/notosanstc/v39/-nF7OG829Oofr2wohFbTp9iFOisNA_cTyNromxqQuEMQ2wHYwbnmy1R1jDujLebozBXCo2qYhRo.113.woff2 → 200 (1ms, -815B)
[2026-09-11T12:54:47.722Z] GET https://fonts.gstatic.com/s/notosanstc/v39/-nF7OG829Oofr2wohFbTp9iFOisNA_cTyNromxqQuEMQ2wHYwbnmy1R1jDujLebozBXCo2qYhRo.112.woff2 → 200 (1ms, -814B)
[2026-09-11T12:54:47.722Z] GET https://fonts.gstatic.com/s/notosanstc/v39/-nF7OG829Oofr2wohFbTp9iFOisNA_cTyNromxqQuEMQ2wHYwbnmy1R1jDujLebozBXCo2qYhRo.111.woff2 → 200 (1ms, -815B)
[2026-09-11T12:54:47.722Z] GET https://fonts.gstatic.com/s/notosanstc/v39/-nF7OG829Oofr2wohFbTp9iFOisNA_cTyNromxqQuEMQ2wHYwbnmy1R1jDujLebozBXCo2qYhRo.114.woff2 → 200 (1ms, -815B)
[2026-09-11T12:54:47.722Z] GET https://fonts.gstatic.com/s/notosanstc/v39/-nF7OG829Oofr2wohFbTp9iFOisNA_cTyNromxqQuEMQ2wHYwbnmy1R1jDujLebozBXCo2qYhRo.109.woff2 → 200 (1ms, -815B)
[2026-09-11T12:54:47.723Z] GET https://fonts.gstatic.com/s/notosanstc/v39/-nF7OG829Oofr2wohFbTp9iFOisNA_cTyNromxqQuEMQ2wHYwbnmy1R1jDujLebozBXCo2qYhRo.110.woff2 → 200 (?ms, -815B)
[2026-09-11T12:54:47.723Z] GET https://fonts.gstatic.com/s/notosanstc/v39/-nF7OG829Oofr2wohFbTp9iFOisNA_cTyNromxqQuEMQ2wHYwbnmy1R1jDujLebozBXCo2qYhRo.106.woff2 → 200 (1ms, -815B)
[2026-09-11T12:54:58.192Z] GET file:///Users/ruru/giloo-shorts-talk/index.html → 200 (?ms, 53425B)
[2026-09-11T12:54:58.195Z] GET https://fonts.googleapis.com/css2?family=Newsreader:opsz,wght@6..72,300;6..72,400;6..72,500;6..72,600&family=IBM+Plex+Sans:wght@400;500;600&family=Noto+Sans+TC:wght@300;400;500&display=swap → 200 (?ms, -698B)
[2026-09-11T12:54:58.201Z] GET https://fonts.gstatic.com/s/newsreader/v26/cY9AfjOCX1hbuyalUrK4397yjIJFJpc.woff2 → 200 (3ms, -816B)
[2026-09-11T12:54:58.201Z] GET https://fonts.gstatic.com/s/ibmplexsans/v23/zYXzKVElMYYaJe8bpLHnCwDKr932-G7dytD-Dmu1syxeKYbSB4Zh.woff2 → 200 (2ms, -815B)
[2026-09-11T12:54:58.201Z] GET https://fonts.gstatic.com/s/notosanstc/v39/-nF7OG829Oofr2wohFbTp9iFOisNA_cTyNromxqQuEMQ2wHYwbnmy1R1jDujLebozBXCo2qYhRo.118.woff2 → 200 (3ms, -815B)
[2026-09-11T12:54:58.201Z] GET https://fonts.gstatic.com/s/notosanstc/v39/-nF7OG829Oofr2wohFbTp9iFOisNA_cTyNromxqQuEMQ2wHYwbnmy1R1jDujLebozBXCo2qYhRo.116.woff2 → 200 (3ms, -815B)
[2026-09-11T12:54:58.201Z] GET https://fonts.gstatic.com/s/notosanstc/v39/-nF7OG829Oofr2wohFbTp9iFOisNA_cTyNromxqQuEMQ2wHYwbnmy1R1jDujLebozBXCo2qYhRo.117.woff2 → 200 (4ms, -815B)
[2026-09-11T12:54:58.201Z] GET https://fonts.gstatic.com/s/notosanstc/v39/-nF7OG829Oofr2wohFbTp9iFOisNA_cTyNromxqQuEMQ2wHYwbnmy1R1jDujLebozBXCo2qYhRo.119.woff2 → 200 (4ms, -815B)
[2026-09-11T12:54:58.201Z] GET https://fonts.gstatic.com/s/notosanstc/v39/-nF7OG829Oofr2wohFbTp9i1OCEKIfVZ1w.woff2 → 200 (4ms, -814B)
[2026-09-11T12:54:58.222Z] GET https://fonts.gstatic.com/s/notosanstc/v39/-nF7OG829Oofr2wohFbTp9iFOisNA_cTyNromxqQuEMQ2wHYwbnmy1R1jDujLebozBXCo2qYhRo.115.woff2 → 200 (1ms, -814B)
[2026-09-11T12:54:58.222Z] GET https://fonts.gstatic.com/s/notosanstc/v39/-nF7OG829Oofr2wohFbTp9iFOisNA_cTyNromxqQuEMQ2wHYwbnmy1R1jDujLebozBXCo2qYhRo.113.woff2 → 200 (1ms, -815B)
[2026-09-11T12:54:58.222Z] GET https://fonts.gstatic.com/s/notosanstc/v39/-nF7OG829Oofr2wohFbTp9iFOisNA_cTyNromxqQuEMQ2wHYwbnmy1R1jDujLebozBXCo2qYhRo.112.woff2 → 200 (1ms, -814B)
[2026-09-11T12:54:58.222Z] GET https://fonts.gstatic.com/s/notosanstc/v39/-nF7OG829Oofr2wohFbTp9iFOisNA_cTyNromxqQuEMQ2wHYwbnmy1R1jDujLebozBXCo2qYhRo.111.woff2 → 200 (1ms, -815B)
[2026-09-11T12:54:58.222Z] GET https://fonts.gstatic.com/s/notosanstc/v39/-nF7OG829Oofr2wohFbTp9iFOisNA_cTyNromxqQuEMQ2wHYwbnmy1R1jDujLebozBXCo2qYhRo.114.woff2 → 200 (1ms, -815B)
[2026-09-11T12:54:58.222Z] GET https://fonts.gstatic.com/s/notosanstc/v39/-nF7OG829Oofr2wohFbTp9iFOisNA_cTyNromxqQuEMQ2wHYwbnmy1R1jDujLebozBXCo2qYhRo.109.woff2 → 200 (1ms, -815B)
[2026-09-11T12:54:58.222Z] GET https://fonts.gstatic.com/s/notosanstc/v39/-nF7OG829Oofr2wohFbTp9iFOisNA_cTyNromxqQuEMQ2wHYwbnmy1R1jDujLebozBXCo2qYhRo.110.woff2 → 200 (1ms, -815B)
[2026-09-11T12:54:58.222Z] GET https://fonts.gstatic.com/s/notosanstc/v39/-nF7OG829Oofr2wohFbTp9iFOisNA_cTyNromxqQuEMQ2wHYwbnmy1R1jDujLebozBXCo2qYhRo.106.woff2 → 200 (1ms, -815B)
[2026-09-11T12:55:00.866Z] GET file:///Users/ruru/giloo-shorts-talk/index.html → 200 (?ms, 53425B)
[2026-09-11T12:55:00.869Z] GET https://fonts.googleapis.com/css2?family=Newsreader:opsz,wght@6..72,300;6..72,400;6..72,500;6..72,600&family=IBM+Plex+Sans:wght@400;500;600&family=Noto+Sans+TC:wght@300;400;500&display=swap → 200 (?ms, -698B)
[2026-09-11T12:55:00.875Z] GET https://fonts.gstatic.com/s/newsreader/v26/cY9AfjOCX1hbuyalUrK4397yjIJFJpc.woff2 → 200 (15ms, -816B)
[2026-09-11T12:55:00.875Z] GET https://fonts.gstatic.com/s/ibmplexsans/v23/zYXzKVElMYYaJe8bpLHnCwDKr932-G7dytD-Dmu1syxeKYbSB4Zh.woff2 → 200 (15ms, -815B)
[2026-09-11T12:55:00.875Z] GET https://fonts.gstatic.com/s/notosanstc/v39/-nF7OG829Oofr2wohFbTp9iFOisNA_cTyNromxqQuEMQ2wHYwbnmy1R1jDujLebozBXCo2qYhRo.118.woff2 → 200 (15ms, -815B)
[2026-09-11T12:55:00.875Z] GET https://fonts.gstatic.com/s/notosanstc/v39/-nF7OG829Oofr2wohFbTp9iFOisNA_cTyNromxqQuEMQ2wHYwbnmy1R1jDujLebozBXCo2qYhRo.116.woff2 → 200 (16ms, -815B)
[2026-09-11T12:55:00.875Z] GET https://fonts.gstatic.com/s/notosanstc/v39/-nF7OG829Oofr2wohFbTp9iFOisNA_cTyNromxqQuEMQ2wHYwbnmy1R1jDujLebozBXCo2qYhRo.117.woff2 → 200 (16ms, -815B)
[2026-09-11T12:55:00.875Z] GET https://fonts.gstatic.com/s/notosanstc/v39/-nF7OG829Oofr2wohFbTp9iFOisNA_cTyNromxqQuEMQ2wHYwbnmy1R1jDujLebozBXCo2qYhRo.119.woff2 → 200 (16ms, -815B)
[2026-09-11T12:55:00.875Z] GET https://fonts.gstatic.com/s/notosanstc/v39/-nF7OG829Oofr2wohFbTp9i1OCEKIfVZ1w.woff2 → 200 (17ms, -814B)
[2026-09-11T12:55:00.889Z] GET https://fonts.gstatic.com/s/notosanstc/v39/-nF7OG829Oofr2wohFbTp9iFOisNA_cTyNromxqQuEMQ2wHYwbnmy1R1jDujLebozBXCo2qYhRo.115.woff2 → 200 (3ms, -814B)
[2026-09-11T12:55:00.889Z] GET https://fonts.gstatic.com/s/notosanstc/v39/-nF7OG829Oofr2wohFbTp9iFOisNA_cTyNromxqQuEMQ2wHYwbnmy1R1jDujLebozBXCo2qYhRo.113.woff2 → 200 (3ms, -815B)
[2026-09-11T12:55:00.889Z] GET https://fonts.gstatic.com/s/notosanstc/v39/-nF7OG829Oofr2wohFbTp9iFOisNA_cTyNromxqQuEMQ2wHYwbnmy1R1jDujLebozBXCo2qYhRo.112.woff2 → 200 (3ms, -814B)
[2026-09-11T12:55:00.889Z] GET https://fonts.gstatic.com/s/notosanstc/v39/-nF7OG829Oofr2wohFbTp9iFOisNA_cTyNromxqQuEMQ2wHYwbnmy1R1jDujLebozBXCo2qYhRo.111.woff2 → 200 (3ms, -815B)
[2026-09-11T12:55:00.889Z] GET https://fonts.gstatic.com/s/notosanstc/v39/-nF7OG829Oofr2wohFbTp9iFOisNA_cTyNromxqQuEMQ2wHYwbnmy1R1jDujLebozBXCo2qYhRo.114.woff2 → 200 (3ms, -815B)
[2026-09-11T12:55:00.890Z] GET https://fonts.gstatic.com/s/notosanstc/v39/-nF7OG829Oofr2wohFbTp9iFOisNA_cTyNromxqQuEMQ2wHYwbnmy1R1jDujLebozBXCo2qYhRo.109.woff2 → 200 (2ms, -815B)
[2026-09-11T12:55:00.890Z] GET https://fonts.gstatic.com/s/notosanstc/v39/-nF7OG829Oofr2wohFbTp9iFOisNA_cTyNromxqQuEMQ2wHYwbnmy1R1jDujLebozBXCo2qYhRo.110.woff2 → 200 (3ms, -815B)
[2026-09-11T12:55:00.890Z] GET https://fonts.gstatic.com/s/notosanstc/v39/-nF7OG829Oofr2wohFbTp9iFOisNA_cTyNromxqQuEMQ2wHYwbnmy1R1jDujLebozBXCo2qYhRo.106.woff2 → 200 (3ms, -815B)
[2026-09-11T12:56:05.613Z] GET file:///Users/ruru/giloo-shorts-talk/index.html → 200 (?ms, 53059B)
[2026-09-11T12:56:05.617Z] GET https://fonts.googleapis.com/css2?family=Newsreader:opsz,wght@6..72,300;6..72,400;6..72,500;6..72,600&family=IBM+Plex+Sans:wght@400;500;600&family=Noto+Sans+TC:wght@300;400;500&display=swap → 200 (2ms, -698B)
[2026-09-11T12:56:05.626Z] GET https://fonts.gstatic.com/s/newsreader/v26/cY9AfjOCX1hbuyalUrK4397yjIJFJpc.woff2 → 200 (20ms, -816B)
[2026-09-11T12:56:05.626Z] GET https://fonts.gstatic.com/s/ibmplexsans/v23/zYXzKVElMYYaJe8bpLHnCwDKr932-G7dytD-Dmu1syxeKYbSB4Zh.woff2 → 200 (20ms, -815B)
[2026-09-11T12:56:05.629Z] GET https://fonts.gstatic.com/s/notosanstc/v39/-nF7OG829Oofr2wohFbTp9iFOisNA_cTyNromxqQuEMQ2wHYwbnmy1R1jDujLebozBXCo2qYhRo.118.woff2 → 200 (20ms, -815B)
[2026-09-11T12:56:05.629Z] GET https://fonts.gstatic.com/s/notosanstc/v39/-nF7OG829Oofr2wohFbTp9iFOisNA_cTyNromxqQuEMQ2wHYwbnmy1R1jDujLebozBXCo2qYhRo.116.woff2 → 200 (22ms, -815B)
[2026-09-11T12:56:05.630Z] GET https://fonts.gstatic.com/s/notosanstc/v39/-nF7OG829Oofr2wohFbTp9iFOisNA_cTyNromxqQuEMQ2wHYwbnmy1R1jDujLebozBXCo2qYhRo.117.woff2 → 200 (21ms, -815B)
[2026-09-11T12:56:05.630Z] GET https://fonts.gstatic.com/s/notosanstc/v39/-nF7OG829Oofr2wohFbTp9iFOisNA_cTyNromxqQuEMQ2wHYwbnmy1R1jDujLebozBXCo2qYhRo.119.woff2 → 200 (19ms, -815B)
[2026-09-11T12:56:05.630Z] GET https://fonts.gstatic.com/s/notosanstc/v39/-nF7OG829Oofr2wohFbTp9i1OCEKIfVZ1w.woff2 → 200 (20ms, -814B)
[2026-09-11T12:56:05.645Z] GET https://fonts.gstatic.com/s/notosanstc/v39/-nF7OG829Oofr2wohFbTp9iFOisNA_cTyNromxqQuEMQ2wHYwbnmy1R1jDujLebozBXCo2qYhRo.115.woff2 → 200 (6ms, -814B)
[2026-09-11T12:56:05.645Z] GET https://fonts.gstatic.com/s/notosanstc/v39/-nF7OG829Oofr2wohFbTp9iFOisNA_cTyNromxqQuEMQ2wHYwbnmy1R1jDujLebozBXCo2qYhRo.113.woff2 → 200 (9ms, -815B)
[2026-09-11T12:56:05.645Z] GET https://fonts.gstatic.com/s/notosanstc/v39/-nF7OG829Oofr2wohFbTp9iFOisNA_cTyNromxqQuEMQ2wHYwbnmy1R1jDujLebozBXCo2qYhRo.112.woff2 → 200 (6ms, -814B)
[2026-09-11T12:56:05.645Z] GET https://fonts.gstatic.com/s/notosanstc/v39/-nF7OG829Oofr2wohFbTp9iFOisNA_cTyNromxqQuEMQ2wHYwbnmy1R1jDujLebozBXCo2qYhRo.111.woff2 → 200 (7ms, -815B)
[2026-09-11T12:56:05.645Z] GET https://fonts.gstatic.com/s/notosanstc/v39/-nF7OG829Oofr2wohFbTp9iFOisNA_cTyNromxqQuEMQ2wHYwbnmy1R1jDujLebozBXCo2qYhRo.114.woff2 → 200 (11ms, -815B)
[2026-09-11T12:56:05.645Z] GET https://fonts.gstatic.com/s/notosanstc/v39/-nF7OG829Oofr2wohFbTp9iFOisNA_cTyNromxqQuEMQ2wHYwbnmy1R1jDujLebozBXCo2qYhRo.109.woff2 → 200 (10ms, -815B)
[2026-09-11T12:56:05.646Z] GET https://fonts.gstatic.com/s/notosanstc/v39/-nF7OG829Oofr2wohFbTp9iFOisNA_cTyNromxqQuEMQ2wHYwbnmy1R1jDujLebozBXCo2qYhRo.110.woff2 → 200 (12ms, -815B)
[2026-09-11T12:56:08.260Z] GET file:///Users/ruru/giloo-shorts-talk/index.html → 200 (?ms, 53059B)
[2026-09-11T12:56:08.262Z] GET https://fonts.googleapis.com/css2?family=Newsreader:opsz,wght@6..72,300;6..72,400;6..72,500;6..72,600&family=IBM+Plex+Sans:wght@400;500;600&family=Noto+Sans+TC:wght@300;400;500&display=swap → 200 (2ms, -698B)
[2026-09-11T12:56:08.270Z] GET https://fonts.gstatic.com/s/newsreader/v26/cY9AfjOCX1hbuyalUrK4397yjIJFJpc.woff2 → 200 (1ms, -816B)
[2026-09-11T12:56:08.270Z] GET https://fonts.gstatic.com/s/ibmplexsans/v23/zYXzKVElMYYaJe8bpLHnCwDKr932-G7dytD-Dmu1syxeKYbSB4Zh.woff2 → 200 (?ms, -815B)
[2026-09-11T12:56:08.270Z] GET https://fonts.gstatic.com/s/notosanstc/v39/-nF7OG829Oofr2wohFbTp9iFOisNA_cTyNromxqQuEMQ2wHYwbnmy1R1jDujLebozBXCo2qYhRo.118.woff2 → 200 (1ms, -815B)
[2026-09-11T12:56:08.270Z] GET https://fonts.gstatic.com/s/notosanstc/v39/-nF7OG829Oofr2wohFbTp9iFOisNA_cTyNromxqQuEMQ2wHYwbnmy1R1jDujLebozBXCo2qYhRo.116.woff2 → 200 (1ms, -815B)
[2026-09-11T12:56:08.270Z] GET https://fonts.gstatic.com/s/notosanstc/v39/-nF7OG829Oofr2wohFbTp9iFOisNA_cTyNromxqQuEMQ2wHYwbnmy1R1jDujLebozBXCo2qYhRo.117.woff2 → 200 (2ms, -815B)
[2026-09-11T12:56:08.270Z] GET https://fonts.gstatic.com/s/notosanstc/v39/-nF7OG829Oofr2wohFbTp9iFOisNA_cTyNromxqQuEMQ2wHYwbnmy1R1jDujLebozBXCo2qYhRo.119.woff2 → 200 (1ms, -815B)
[2026-09-11T12:56:08.270Z] GET https://fonts.gstatic.com/s/notosanstc/v39/-nF7OG829Oofr2wohFbTp9i1OCEKIfVZ1w.woff2 → 200 (1ms, -814B)
[2026-09-11T12:56:08.293Z] GET https://fonts.gstatic.com/s/notosanstc/v39/-nF7OG829Oofr2wohFbTp9iFOisNA_cTyNromxqQuEMQ2wHYwbnmy1R1jDujLebozBXCo2qYhRo.115.woff2 → 200 (?ms, -814B)
[2026-09-11T12:56:08.293Z] GET https://fonts.gstatic.com/s/notosanstc/v39/-nF7OG829Oofr2wohFbTp9iFOisNA_cTyNromxqQuEMQ2wHYwbnmy1R1jDujLebozBXCo2qYhRo.113.woff2 → 200 (?ms, -815B)
[2026-09-11T12:56:08.293Z] GET https://fonts.gstatic.com/s/notosanstc/v39/-nF7OG829Oofr2wohFbTp9iFOisNA_cTyNromxqQuEMQ2wHYwbnmy1R1jDujLebozBXCo2qYhRo.112.woff2 → 200 (?ms, -814B)
[2026-09-11T12:56:08.293Z] GET https://fonts.gstatic.com/s/notosanstc/v39/-nF7OG829Oofr2wohFbTp9iFOisNA_cTyNromxqQuEMQ2wHYwbnmy1R1jDujLebozBXCo2qYhRo.111.woff2 → 200 (?ms, -815B)
[2026-09-11T12:56:08.293Z] GET https://fonts.gstatic.com/s/notosanstc/v39/-nF7OG829Oofr2wohFbTp9iFOisNA_cTyNromxqQuEMQ2wHYwbnmy1R1jDujLebozBXCo2qYhRo.114.woff2 → 200 (?ms, -815B)
[2026-09-11T12:56:08.293Z] GET https://fonts.gstatic.com/s/notosanstc/v39/-nF7OG829Oofr2wohFbTp9iFOisNA_cTyNromxqQuEMQ2wHYwbnmy1R1jDujLebozBXCo2qYhRo.109.woff2 → 200 (?ms, -815B)
[2026-09-11T12:56:08.293Z] GET https://fonts.gstatic.com/s/notosanstc/v39/-nF7OG829Oofr2wohFbTp9iFOisNA_cTyNromxqQuEMQ2wHYwbnmy1R1jDujLebozBXCo2qYhRo.110.woff2 → 200 (?ms, -815B)
[2026-09-11T12:56:10.917Z] GET file:///Users/ruru/giloo-shorts-talk/index.html → 200 (1ms, 53059B)
[2026-09-11T12:56:10.920Z] GET https://fonts.googleapis.com/css2?family=Newsreader:opsz,wght@6..72,300;6..72,400;6..72,500;6..72,600&family=IBM+Plex+Sans:wght@400;500;600&family=Noto+Sans+TC:wght@300;400;500&display=swap → 200 (2ms, -698B)
[2026-09-11T12:56:10.926Z] GET https://fonts.gstatic.com/s/newsreader/v26/cY9AfjOCX1hbuyalUrK4397yjIJFJpc.woff2 → 200 (11ms, -816B)
[2026-09-11T12:56:10.926Z] GET https://fonts.gstatic.com/s/ibmplexsans/v23/zYXzKVElMYYaJe8bpLHnCwDKr932-G7dytD-Dmu1syxeKYbSB4Zh.woff2 → 200 (11ms, -815B)
[2026-09-11T12:56:10.926Z] GET https://fonts.gstatic.com/s/notosanstc/v39/-nF7OG829Oofr2wohFbTp9iFOisNA_cTyNromxqQuEMQ2wHYwbnmy1R1jDujLebozBXCo2qYhRo.118.woff2 → 200 (11ms, -815B)
[2026-09-11T12:56:10.926Z] GET https://fonts.gstatic.com/s/notosanstc/v39/-nF7OG829Oofr2wohFbTp9iFOisNA_cTyNromxqQuEMQ2wHYwbnmy1R1jDujLebozBXCo2qYhRo.116.woff2 → 200 (12ms, -815B)
[2026-09-11T12:56:10.926Z] GET https://fonts.gstatic.com/s/notosanstc/v39/-nF7OG829Oofr2wohFbTp9iFOisNA_cTyNromxqQuEMQ2wHYwbnmy1R1jDujLebozBXCo2qYhRo.117.woff2 → 200 (12ms, -815B)
[2026-09-11T12:56:10.926Z] GET https://fonts.gstatic.com/s/notosanstc/v39/-nF7OG829Oofr2wohFbTp9iFOisNA_cTyNromxqQuEMQ2wHYwbnmy1R1jDujLebozBXCo2qYhRo.119.woff2 → 200 (12ms, -815B)
[2026-09-11T12:56:10.926Z] GET https://fonts.gstatic.com/s/notosanstc/v39/-nF7OG829Oofr2wohFbTp9i1OCEKIfVZ1w.woff2 → 200 (12ms, -814B)
[2026-09-11T12:56:10.936Z] GET https://fonts.gstatic.com/s/notosanstc/v39/-nF7OG829Oofr2wohFbTp9iFOisNA_cTyNromxqQuEMQ2wHYwbnmy1R1jDujLebozBXCo2qYhRo.115.woff2 → 200 (3ms, -814B)
[2026-09-11T12:56:10.936Z] GET https://fonts.gstatic.com/s/notosanstc/v39/-nF7OG829Oofr2wohFbTp9iFOisNA_cTyNromxqQuEMQ2wHYwbnmy1R1jDujLebozBXCo2qYhRo.113.woff2 → 200 (3ms, -815B)
[2026-09-11T12:56:10.937Z] GET https://fonts.gstatic.com/s/notosanstc/v39/-nF7OG829Oofr2wohFbTp9iFOisNA_cTyNromxqQuEMQ2wHYwbnmy1R1jDujLebozBXCo2qYhRo.112.woff2 → 200 (2ms, -814B)
[2026-09-11T12:56:10.937Z] GET https://fonts.gstatic.com/s/notosanstc/v39/-nF7OG829Oofr2wohFbTp9iFOisNA_cTyNromxqQuEMQ2wHYwbnmy1R1jDujLebozBXCo2qYhRo.111.woff2 → 200 (1ms, -815B)
[2026-09-11T12:56:10.937Z] GET https://fonts.gstatic.com/s/notosanstc/v39/-nF7OG829Oofr2wohFbTp9iFOisNA_cTyNromxqQuEMQ2wHYwbnmy1R1jDujLebozBXCo2qYhRo.114.woff2 → 200 (2ms, -815B)
[2026-09-11T12:56:10.937Z] GET https://fonts.gstatic.com/s/notosanstc/v39/-nF7OG829Oofr2wohFbTp9iFOisNA_cTyNromxqQuEMQ2wHYwbnmy1R1jDujLebozBXCo2qYhRo.109.woff2 → 200 (2ms, -815B)
[2026-09-11T12:56:10.937Z] GET https://fonts.gstatic.com/s/notosanstc/v39/-nF7OG829Oofr2wohFbTp9iFOisNA_cTyNromxqQuEMQ2wHYwbnmy1R1jDujLebozBXCo2qYhRo.110.woff2 → 200 (2ms, -815B)
[2026-09-11T12:56:38.495Z] GET file:///Users/ruru/giloo-shorts-talk/index.html → 200 (?ms, 53113B)
[2026-09-11T12:56:38.498Z] GET https://fonts.googleapis.com/css2?family=Newsreader:opsz,wght@6..72,300;6..72,400;6..72,500;6..72,600&family=IBM+Plex+Sans:wght@400;500;600&family=Noto+Sans+TC:wght@300;400;500&display=swap → 200 (1ms, -698B)
[2026-09-11T12:56:38.503Z] GET https://fonts.gstatic.com/s/newsreader/v26/cY9AfjOCX1hbuyalUrK4397yjIJFJpc.woff2 → 200 (2ms, -816B)
[2026-09-11T12:56:38.504Z] GET https://fonts.gstatic.com/s/ibmplexsans/v23/zYXzKVElMYYaJe8bpLHnCwDKr932-G7dytD-Dmu1syxeKYbSB4Zh.woff2 → 200 (1ms, -815B)
[2026-09-11T12:56:38.504Z] GET https://fonts.gstatic.com/s/notosanstc/v39/-nF7OG829Oofr2wohFbTp9iFOisNA_cTyNromxqQuEMQ2wHYwbnmy1R1jDujLebozBXCo2qYhRo.118.woff2 → 200 (4ms, -815B)
[2026-09-11T12:56:38.504Z] GET https://fonts.gstatic.com/s/notosanstc/v39/-nF7OG829Oofr2wohFbTp9iFOisNA_cTyNromxqQuEMQ2wHYwbnmy1R1jDujLebozBXCo2qYhRo.116.woff2 → 200 (4ms, -815B)
[2026-09-11T12:56:38.504Z] GET https://fonts.gstatic.com/s/notosanstc/v39/-nF7OG829Oofr2wohFbTp9iFOisNA_cTyNromxqQuEMQ2wHYwbnmy1R1jDujLebozBXCo2qYhRo.117.woff2 → 200 (3ms, -815B)
[2026-09-11T12:56:38.504Z] GET https://fonts.gstatic.com/s/notosanstc/v39/-nF7OG829Oofr2wohFbTp9iFOisNA_cTyNromxqQuEMQ2wHYwbnmy1R1jDujLebozBXCo2qYhRo.119.woff2 → 200 (1ms, -815B)
[2026-09-11T12:56:38.504Z] GET https://fonts.gstatic.com/s/notosanstc/v39/-nF7OG829Oofr2wohFbTp9i1OCEKIfVZ1w.woff2 → 200 (1ms, -814B)
[2026-09-11T12:56:38.523Z] GET https://fonts.gstatic.com/s/notosanstc/v39/-nF7OG829Oofr2wohFbTp9iFOisNA_cTyNromxqQuEMQ2wHYwbnmy1R1jDujLebozBXCo2qYhRo.115.woff2 → 200 (1ms, -814B)
[2026-09-11T12:56:38.523Z] GET https://fonts.gstatic.com/s/notosanstc/v39/-nF7OG829Oofr2wohFbTp9iFOisNA_cTyNromxqQuEMQ2wHYwbnmy1R1jDujLebozBXCo2qYhRo.113.woff2 → 200 (1ms, -815B)
[2026-09-11T12:56:38.523Z] GET https://fonts.gstatic.com/s/notosanstc/v39/-nF7OG829Oofr2wohFbTp9iFOisNA_cTyNromxqQuEMQ2wHYwbnmy1R1jDujLebozBXCo2qYhRo.112.woff2 → 200 (1ms, -814B)
[2026-09-11T12:56:38.523Z] GET https://fonts.gstatic.com/s/notosanstc/v39/-nF7OG829Oofr2wohFbTp9iFOisNA_cTyNromxqQuEMQ2wHYwbnmy1R1jDujLebozBXCo2qYhRo.111.woff2 → 200 (2ms, -815B)
[2026-09-11T12:56:38.523Z] GET https://fonts.gstatic.com/s/notosanstc/v39/-nF7OG829Oofr2wohFbTp9iFOisNA_cTyNromxqQuEMQ2wHYwbnmy1R1jDujLebozBXCo2qYhRo.114.woff2 → 200 (2ms, -815B)
[2026-09-11T12:56:38.523Z] GET https://fonts.gstatic.com/s/notosanstc/v39/-nF7OG829Oofr2wohFbTp9iFOisNA_cTyNromxqQuEMQ2wHYwbnmy1R1jDujLebozBXCo2qYhRo.109.woff2 → 200 (2ms, -815B)
[2026-09-11T12:56:38.523Z] GET https://fonts.gstatic.com/s/notosanstc/v39/-nF7OG829Oofr2wohFbTp9iFOisNA_cTyNromxqQuEMQ2wHYwbnmy1R1jDujLebozBXCo2qYhRo.110.woff2 → 200 (2ms, -815B)
[2026-09-11T12:56:41.157Z] GET file:///Users/ruru/giloo-shorts-talk/index.html → 200 (?ms, 53113B)
[2026-09-11T12:56:41.159Z] GET https://fonts.googleapis.com/css2?family=Newsreader:opsz,wght@6..72,300;6..72,400;6..72,500;6..72,600&family=IBM+Plex+Sans:wght@400;500;600&family=Noto+Sans+TC:wght@300;400;500&display=swap → 200 (3ms, -698B)
[2026-09-11T12:56:41.167Z] GET https://fonts.gstatic.com/s/newsreader/v26/cY9AfjOCX1hbuyalUrK4397yjIJFJpc.woff2 → 200 (2ms, -816B)
[2026-09-11T12:56:41.167Z] GET https://fonts.gstatic.com/s/ibmplexsans/v23/zYXzKVElMYYaJe8bpLHnCwDKr932-G7dytD-Dmu1syxeKYbSB4Zh.woff2 → 200 (1ms, -815B)
[2026-09-11T12:56:41.167Z] GET https://fonts.gstatic.com/s/notosanstc/v39/-nF7OG829Oofr2wohFbTp9iFOisNA_cTyNromxqQuEMQ2wHYwbnmy1R1jDujLebozBXCo2qYhRo.118.woff2 → 200 (1ms, -815B)
[2026-09-11T12:56:41.168Z] GET https://fonts.gstatic.com/s/notosanstc/v39/-nF7OG829Oofr2wohFbTp9iFOisNA_cTyNromxqQuEMQ2wHYwbnmy1R1jDujLebozBXCo2qYhRo.116.woff2 → 200 (?ms, -815B)
[2026-09-11T12:56:41.168Z] GET https://fonts.gstatic.com/s/notosanstc/v39/-nF7OG829Oofr2wohFbTp9iFOisNA_cTyNromxqQuEMQ2wHYwbnmy1R1jDujLebozBXCo2qYhRo.117.woff2 → 200 (2ms, -815B)
[2026-09-11T12:56:41.168Z] GET https://fonts.gstatic.com/s/notosanstc/v39/-nF7OG829Oofr2wohFbTp9iFOisNA_cTyNromxqQuEMQ2wHYwbnmy1R1jDujLebozBXCo2qYhRo.119.woff2 → 200 (1ms, -815B)
[2026-09-11T12:56:41.168Z] GET https://fonts.gstatic.com/s/notosanstc/v39/-nF7OG829Oofr2wohFbTp9i1OCEKIfVZ1w.woff2 → 200 (1ms, -814B)
[2026-09-11T12:56:41.187Z] GET https://fonts.gstatic.com/s/notosanstc/v39/-nF7OG829Oofr2wohFbTp9iFOisNA_cTyNromxqQuEMQ2wHYwbnmy1R1jDujLebozBXCo2qYhRo.115.woff2 → 200 (1ms, ?B)
[2026-09-11T12:56:41.187Z] GET https://fonts.gstatic.com/s/notosanstc/v39/-nF7OG829Oofr2wohFbTp9iFOisNA_cTyNromxqQuEMQ2wHYwbnmy1R1jDujLebozBXCo2qYhRo.113.woff2 → 200 (1ms, ?B)
[2026-09-11T12:56:41.187Z] GET https://fonts.gstatic.com/s/notosanstc/v39/-nF7OG829Oofr2wohFbTp9iFOisNA_cTyNromxqQuEMQ2wHYwbnmy1R1jDujLebozBXCo2qYhRo.112.woff2 → 200 (1ms, ?B)
[2026-09-11T12:56:41.187Z] GET https://fonts.gstatic.com/s/notosanstc/v39/-nF7OG829Oofr2wohFbTp9iFOisNA_cTyNromxqQuEMQ2wHYwbnmy1R1jDujLebozBXCo2qYhRo.111.woff2 → 200 (1ms, ?B)
[2026-09-11T12:56:41.187Z] GET https://fonts.gstatic.com/s/notosanstc/v39/-nF7OG829Oofr2wohFbTp9iFOisNA_cTyNromxqQuEMQ2wHYwbnmy1R1jDujLebozBXCo2qYhRo.114.woff2 → 200 (1ms, ?B)
[2026-09-11T12:56:41.188Z] GET https://fonts.gstatic.com/s/notosanstc/v39/-nF7OG829Oofr2wohFbTp9iFOisNA_cTyNromxqQuEMQ2wHYwbnmy1R1jDujLebozBXCo2qYhRo.109.woff2 → 200 (?ms, ?B)
[2026-09-11T12:56:41.188Z] GET https://fonts.gstatic.com/s/notosanstc/v39/-nF7OG829Oofr2wohFbTp9iFOisNA_cTyNromxqQuEMQ2wHYwbnmy1R1jDujLebozBXCo2qYhRo.110.woff2 → 200 (?ms, ?B)
[2026-09-11T12:56:43.813Z] GET file:///Users/ruru/giloo-shorts-talk/index.html → 200 (?ms, 53113B)
[2026-09-11T12:56:43.815Z] GET https://fonts.googleapis.com/css2?family=Newsreader:opsz,wght@6..72,300;6..72,400;6..72,500;6..72,600&family=IBM+Plex+Sans:wght@400;500;600&family=Noto+Sans+TC:wght@300;400;500&display=swap → 200 (1ms, -698B)
[2026-09-11T12:56:43.822Z] GET https://fonts.gstatic.com/s/newsreader/v26/cY9AfjOCX1hbuyalUrK4397yjIJFJpc.woff2 → 200 (1ms, -816B)
[2026-09-11T12:56:43.822Z] GET https://fonts.gstatic.com/s/ibmplexsans/v23/zYXzKVElMYYaJe8bpLHnCwDKr932-G7dytD-Dmu1syxeKYbSB4Zh.woff2 → 200 (?ms, -815B)
[2026-09-11T12:56:43.822Z] GET https://fonts.gstatic.com/s/notosanstc/v39/-nF7OG829Oofr2wohFbTp9iFOisNA_cTyNromxqQuEMQ2wHYwbnmy1R1jDujLebozBXCo2qYhRo.118.woff2 → 200 (1ms, -815B)
[2026-09-11T12:56:43.822Z] GET https://fonts.gstatic.com/s/notosanstc/v39/-nF7OG829Oofr2wohFbTp9iFOisNA_cTyNromxqQuEMQ2wHYwbnmy1R1jDujLebozBXCo2qYhRo.116.woff2 → 200 (1ms, -815B)
[2026-09-11T12:56:43.822Z] GET https://fonts.gstatic.com/s/notosanstc/v39/-nF7OG829Oofr2wohFbTp9iFOisNA_cTyNromxqQuEMQ2wHYwbnmy1R1jDujLebozBXCo2qYhRo.117.woff2 → 200 (1ms, -815B)
[2026-09-11T12:56:43.822Z] GET https://fonts.gstatic.com/s/notosanstc/v39/-nF7OG829Oofr2wohFbTp9iFOisNA_cTyNromxqQuEMQ2wHYwbnmy1R1jDujLebozBXCo2qYhRo.119.woff2 → 200 (1ms, -815B)
[2026-09-11T12:56:43.822Z] GET https://fonts.gstatic.com/s/notosanstc/v39/-nF7OG829Oofr2wohFbTp9i1OCEKIfVZ1w.woff2 → 200 (1ms, -814B)
[2026-09-11T12:56:43.841Z] GET https://fonts.gstatic.com/s/notosanstc/v39/-nF7OG829Oofr2wohFbTp9iFOisNA_cTyNromxqQuEMQ2wHYwbnmy1R1jDujLebozBXCo2qYhRo.115.woff2 → 200 (?ms, -814B)
[2026-09-11T12:56:43.841Z] GET https://fonts.gstatic.com/s/notosanstc/v39/-nF7OG829Oofr2wohFbTp9iFOisNA_cTyNromxqQuEMQ2wHYwbnmy1R1jDujLebozBXCo2qYhRo.113.woff2 → 200 (?ms, -815B)
[2026-09-11T12:56:43.841Z] GET https://fonts.gstatic.com/s/notosanstc/v39/-nF7OG829Oofr2wohFbTp9iFOisNA_cTyNromxqQuEMQ2wHYwbnmy1R1jDujLebozBXCo2qYhRo.112.woff2 → 200 (?ms, -814B)
[2026-09-11T12:56:43.841Z] GET https://fonts.gstatic.com/s/notosanstc/v39/-nF7OG829Oofr2wohFbTp9iFOisNA_cTyNromxqQuEMQ2wHYwbnmy1R1jDujLebozBXCo2qYhRo.111.woff2 → 200 (?ms, -815B)
[2026-09-11T12:56:43.841Z] GET https://fonts.gstatic.com/s/notosanstc/v39/-nF7OG829Oofr2wohFbTp9iFOisNA_cTyNromxqQuEMQ2wHYwbnmy1R1jDujLebozBXCo2qYhRo.114.woff2 → 200 (?ms, -815B)
[2026-09-11T12:56:43.841Z] GET https://fonts.gstatic.com/s/notosanstc/v39/-nF7OG829Oofr2wohFbTp9iFOisNA_cTyNromxqQuEMQ2wHYwbnmy1R1jDujLebozBXCo2qYhRo.109.woff2 → 200 (?ms, -815B)
[2026-09-11T12:56:43.841Z] GET https://fonts.gstatic.com/s/notosanstc/v39/-nF7OG829Oofr2wohFbTp9iFOisNA_cTyNromxqQuEMQ2wHYwbnmy1R1jDujLebozBXCo2qYhRo.110.woff2 → 200 (?ms, -815B)
[2026-09-11T12:56:46.486Z] GET file:///Users/ruru/giloo-shorts-talk/index.html → 200 (?ms, 53113B)
[2026-09-11T12:56:46.488Z] GET https://fonts.googleapis.com/css2?family=Newsreader:opsz,wght@6..72,300;6..72,400;6..72,500;6..72,600&family=IBM+Plex+Sans:wght@400;500;600&family=Noto+Sans+TC:wght@300;400;500&display=swap → 200 (2ms, -698B)
[2026-09-11T12:56:46.494Z] GET https://fonts.gstatic.com/s/newsreader/v26/cY9AfjOCX1hbuyalUrK4397yjIJFJpc.woff2 → 200 (12ms, -816B)
[2026-09-11T12:56:46.494Z] GET https://fonts.gstatic.com/s/ibmplexsans/v23/zYXzKVElMYYaJe8bpLHnCwDKr932-G7dytD-Dmu1syxeKYbSB4Zh.woff2 → 200 (11ms, -815B)
[2026-09-11T12:56:46.494Z] GET https://fonts.gstatic.com/s/notosanstc/v39/-nF7OG829Oofr2wohFbTp9iFOisNA_cTyNromxqQuEMQ2wHYwbnmy1R1jDujLebozBXCo2qYhRo.118.woff2 → 200 (11ms, -815B)
[2026-09-11T12:56:46.494Z] GET https://fonts.gstatic.com/s/notosanstc/v39/-nF7OG829Oofr2wohFbTp9iFOisNA_cTyNromxqQuEMQ2wHYwbnmy1R1jDujLebozBXCo2qYhRo.116.woff2 → 200 (12ms, -815B)
[2026-09-11T12:56:46.494Z] GET https://fonts.gstatic.com/s/notosanstc/v39/-nF7OG829Oofr2wohFbTp9iFOisNA_cTyNromxqQuEMQ2wHYwbnmy1R1jDujLebozBXCo2qYhRo.117.woff2 → 200 (12ms, -815B)
[2026-09-11T12:56:46.494Z] GET https://fonts.gstatic.com/s/notosanstc/v39/-nF7OG829Oofr2wohFbTp9iFOisNA_cTyNromxqQuEMQ2wHYwbnmy1R1jDujLebozBXCo2qYhRo.119.woff2 → 200 (12ms, -815B)
[2026-09-11T12:56:46.494Z] GET https://fonts.gstatic.com/s/notosanstc/v39/-nF7OG829Oofr2wohFbTp9i1OCEKIfVZ1w.woff2 → 200 (12ms, -814B)
[2026-09-11T12:56:46.504Z] GET https://fonts.gstatic.com/s/notosanstc/v39/-nF7OG829Oofr2wohFbTp9iFOisNA_cTyNromxqQuEMQ2wHYwbnmy1R1jDujLebozBXCo2qYhRo.115.woff2 → 200 (3ms, -814B)
[2026-09-11T12:56:46.504Z] GET https://fonts.gstatic.com/s/notosanstc/v39/-nF7OG829Oofr2wohFbTp9iFOisNA_cTyNromxqQuEMQ2wHYwbnmy1R1jDujLebozBXCo2qYhRo.113.woff2 → 200 (4ms, -815B)
[2026-09-11T12:56:46.504Z] GET https://fonts.gstatic.com/s/notosanstc/v39/-nF7OG829Oofr2wohFbTp9iFOisNA_cTyNromxqQuEMQ2wHYwbnmy1R1jDujLebozBXCo2qYhRo.112.woff2 → 200 (3ms, -814B)
[2026-09-11T12:56:46.504Z] GET https://fonts.gstatic.com/s/notosanstc/v39/-nF7OG829Oofr2wohFbTp9iFOisNA_cTyNromxqQuEMQ2wHYwbnmy1R1jDujLebozBXCo2qYhRo.111.woff2 → 200 (3ms, -815B)
[2026-09-11T12:56:46.504Z] GET https://fonts.gstatic.com/s/notosanstc/v39/-nF7OG829Oofr2wohFbTp9iFOisNA_cTyNromxqQuEMQ2wHYwbnmy1R1jDujLebozBXCo2qYhRo.114.woff2 → 200 (4ms, -815B)
[2026-09-11T12:56:46.504Z] GET https://fonts.gstatic.com/s/notosanstc/v39/-nF7OG829Oofr2wohFbTp9iFOisNA_cTyNromxqQuEMQ2wHYwbnmy1R1jDujLebozBXCo2qYhRo.109.woff2 → 200 (4ms, -815B)
[2026-09-11T12:56:46.505Z] GET https://fonts.gstatic.com/s/notosanstc/v39/-nF7OG829Oofr2wohFbTp9iFOisNA_cTyNromxqQuEMQ2wHYwbnmy1R1jDujLebozBXCo2qYhRo.110.woff2 → 200 (4ms, -815B)
[2026-09-11T12:57:01.571Z] GET file:///Users/ruru/giloo-shorts-talk/index.html → 200 (?ms, 53506B)
[2026-09-11T12:57:01.578Z] GET https://fonts.googleapis.com/css2?family=Newsreader:opsz,wght@6..72,300;6..72,400;6..72,500;6..72,600&family=IBM+Plex+Sans:wght@400;500;600&family=Noto+Sans+TC:wght@300;400;500&display=swap → 200 (1ms, -698B)
[2026-09-11T12:57:01.603Z] GET https://fonts.gstatic.com/s/newsreader/v26/cY9AfjOCX1hbuyalUrK4397yjIJFJpc.woff2 → 200 (5ms, -816B)
[2026-09-11T12:57:01.603Z] GET https://fonts.gstatic.com/s/ibmplexsans/v23/zYXzKVElMYYaJe8bpLHnCwDKr932-G7dytD-Dmu1syxeKYbSB4Zh.woff2 → 200 (2ms, -815B)
[2026-09-11T12:57:01.603Z] GET https://fonts.gstatic.com/s/notosanstc/v39/-nF7OG829Oofr2wohFbTp9iFOisNA_cTyNromxqQuEMQ2wHYwbnmy1R1jDujLebozBXCo2qYhRo.118.woff2 → 200 (2ms, -815B)
[2026-09-11T12:57:01.603Z] GET https://fonts.gstatic.com/s/notosanstc/v39/-nF7OG829Oofr2wohFbTp9iFOisNA_cTyNromxqQuEMQ2wHYwbnmy1R1jDujLebozBXCo2qYhRo.116.woff2 → 200 (4ms, -815B)
[2026-09-11T12:57:01.603Z] GET https://fonts.gstatic.com/s/notosanstc/v39/-nF7OG829Oofr2wohFbTp9iFOisNA_cTyNromxqQuEMQ2wHYwbnmy1R1jDujLebozBXCo2qYhRo.117.woff2 → 200 (5ms, -815B)
[2026-09-11T12:57:01.603Z] GET https://fonts.gstatic.com/s/notosanstc/v39/-nF7OG829Oofr2wohFbTp9iFOisNA_cTyNromxqQuEMQ2wHYwbnmy1R1jDujLebozBXCo2qYhRo.119.woff2 → 200 (4ms, -815B)
[2026-09-11T12:57:01.604Z] GET https://fonts.gstatic.com/s/notosanstc/v39/-nF7OG829Oofr2wohFbTp9i1OCEKIfVZ1w.woff2 → 200 (3ms, -814B)
[2026-09-11T12:57:01.604Z] GET https://fonts.gstatic.com/s/notosanstc/v39/-nF7OG829Oofr2wohFbTp9iFOisNA_cTyNromxqQuEMQ2wHYwbnmy1R1jDujLebozBXCo2qYhRo.115.woff2 → 200 (7ms, -814B)
[2026-09-11T12:57:01.604Z] GET https://fonts.gstatic.com/s/notosanstc/v39/-nF7OG829Oofr2wohFbTp9iFOisNA_cTyNromxqQuEMQ2wHYwbnmy1R1jDujLebozBXCo2qYhRo.113.woff2 → 200 (8ms, -815B)
[2026-09-11T12:57:01.604Z] GET https://fonts.gstatic.com/s/notosanstc/v39/-nF7OG829Oofr2wohFbTp9iFOisNA_cTyNromxqQuEMQ2wHYwbnmy1R1jDujLebozBXCo2qYhRo.112.woff2 → 200 (8ms, -814B)
[2026-09-11T12:57:01.604Z] GET https://fonts.gstatic.com/s/notosanstc/v39/-nF7OG829Oofr2wohFbTp9iFOisNA_cTyNromxqQuEMQ2wHYwbnmy1R1jDujLebozBXCo2qYhRo.111.woff2 → 200 (9ms, -815B)
[2026-09-11T12:57:01.604Z] GET https://fonts.gstatic.com/s/notosanstc/v39/-nF7OG829Oofr2wohFbTp9iFOisNA_cTyNromxqQuEMQ2wHYwbnmy1R1jDujLebozBXCo2qYhRo.114.woff2 → 200 (9ms, -815B)
[2026-09-11T12:57:01.605Z] GET https://fonts.gstatic.com/s/notosanstc/v39/-nF7OG829Oofr2wohFbTp9iFOisNA_cTyNromxqQuEMQ2wHYwbnmy1R1jDujLebozBXCo2qYhRo.109.woff2 → 200 (8ms, -815B)
[2026-09-11T12:57:01.605Z] GET https://fonts.gstatic.com/s/notosanstc/v39/-nF7OG829Oofr2wohFbTp9iFOisNA_cTyNromxqQuEMQ2wHYwbnmy1R1jDujLebozBXCo2qYhRo.110.woff2 → 200 (8ms, -815B)
[2026-09-11T12:57:04.293Z] GET file:///Users/ruru/giloo-shorts-talk/index.html → 200 (?ms, 53506B)
[2026-09-11T12:57:04.296Z] GET https://fonts.googleapis.com/css2?family=Newsreader:opsz,wght@6..72,300;6..72,400;6..72,500;6..72,600&family=IBM+Plex+Sans:wght@400;500;600&family=Noto+Sans+TC:wght@300;400;500&display=swap → 200 (1ms, -698B)
[2026-09-11T12:57:04.304Z] GET https://fonts.gstatic.com/s/newsreader/v26/cY9AfjOCX1hbuyalUrK4397yjIJFJpc.woff2 → 200 (3ms, -816B)
[2026-09-11T12:57:04.304Z] GET https://fonts.gstatic.com/s/ibmplexsans/v23/zYXzKVElMYYaJe8bpLHnCwDKr932-G7dytD-Dmu1syxeKYbSB4Zh.woff2 → 200 (3ms, -815B)
[2026-09-11T12:57:04.306Z] GET https://fonts.gstatic.com/s/notosanstc/v39/-nF7OG829Oofr2wohFbTp9iFOisNA_cTyNromxqQuEMQ2wHYwbnmy1R1jDujLebozBXCo2qYhRo.118.woff2 → 200 (1ms, -815B)
[2026-09-11T12:57:04.306Z] GET https://fonts.gstatic.com/s/notosanstc/v39/-nF7OG829Oofr2wohFbTp9iFOisNA_cTyNromxqQuEMQ2wHYwbnmy1R1jDujLebozBXCo2qYhRo.116.woff2 → 200 (2ms, -815B)
[2026-09-11T12:57:04.306Z] GET https://fonts.gstatic.com/s/notosanstc/v39/-nF7OG829Oofr2wohFbTp9iFOisNA_cTyNromxqQuEMQ2wHYwbnmy1R1jDujLebozBXCo2qYhRo.117.woff2 → 200 (33ms, -815B)
[2026-09-11T12:57:04.307Z] GET https://fonts.gstatic.com/s/notosanstc/v39/-nF7OG829Oofr2wohFbTp9iFOisNA_cTyNromxqQuEMQ2wHYwbnmy1R1jDujLebozBXCo2qYhRo.119.woff2 → 200 (?ms, -815B)
[2026-09-11T12:57:04.307Z] GET https://fonts.gstatic.com/s/notosanstc/v39/-nF7OG829Oofr2wohFbTp9i1OCEKIfVZ1w.woff2 → 200 (1ms, -814B)
[2026-09-11T12:57:04.338Z] GET https://fonts.gstatic.com/s/notosanstc/v39/-nF7OG829Oofr2wohFbTp9iFOisNA_cTyNromxqQuEMQ2wHYwbnmy1R1jDujLebozBXCo2qYhRo.115.woff2 → 200 (3ms, -814B)
[2026-09-11T12:57:04.338Z] GET https://fonts.gstatic.com/s/notosanstc/v39/-nF7OG829Oofr2wohFbTp9iFOisNA_cTyNromxqQuEMQ2wHYwbnmy1R1jDujLebozBXCo2qYhRo.113.woff2 → 200 (3ms, -815B)
[2026-09-11T12:57:04.338Z] GET https://fonts.gstatic.com/s/notosanstc/v39/-nF7OG829Oofr2wohFbTp9iFOisNA_cTyNromxqQuEMQ2wHYwbnmy1R1jDujLebozBXCo2qYhRo.112.woff2 → 200 (3ms, -814B)
[2026-09-11T12:57:04.338Z] GET https://fonts.gstatic.com/s/notosanstc/v39/-nF7OG829Oofr2wohFbTp9iFOisNA_cTyNromxqQuEMQ2wHYwbnmy1R1jDujLebozBXCo2qYhRo.111.woff2 → 200 (1ms, -815B)
[2026-09-11T12:57:04.338Z] GET https://fonts.gstatic.com/s/notosanstc/v39/-nF7OG829Oofr2wohFbTp9iFOisNA_cTyNromxqQuEMQ2wHYwbnmy1R1jDujLebozBXCo2qYhRo.114.woff2 → 200 (4ms, -815B)
[2026-09-11T12:57:04.338Z] GET https://fonts.gstatic.com/s/notosanstc/v39/-nF7OG829Oofr2wohFbTp9iFOisNA_cTyNromxqQuEMQ2wHYwbnmy1R1jDujLebozBXCo2qYhRo.109.woff2 → 200 (4ms, -815B)
[2026-09-11T12:57:04.339Z] GET https://fonts.gstatic.com/s/notosanstc/v39/-nF7OG829Oofr2wohFbTp9iFOisNA_cTyNromxqQuEMQ2wHYwbnmy1R1jDujLebozBXCo2qYhRo.110.woff2 → 200 (4ms, -815B)
[2026-09-11T12:57:06.958Z] GET file:///Users/ruru/giloo-shorts-talk/index.html → 200 (?ms, 53506B)
[2026-09-11T12:57:06.961Z] GET https://fonts.googleapis.com/css2?family=Newsreader:opsz,wght@6..72,300;6..72,400;6..72,500;6..72,600&family=IBM+Plex+Sans:wght@400;500;600&family=Noto+Sans+TC:wght@300;400;500&display=swap → 200 (1ms, -698B)
[2026-09-11T12:57:06.968Z] GET https://fonts.gstatic.com/s/newsreader/v26/cY9AfjOCX1hbuyalUrK4397yjIJFJpc.woff2 → 200 (3ms, -816B)
[2026-09-11T12:57:06.968Z] GET https://fonts.gstatic.com/s/ibmplexsans/v23/zYXzKVElMYYaJe8bpLHnCwDKr932-G7dytD-Dmu1syxeKYbSB4Zh.woff2 → 200 (2ms, -815B)
[2026-09-11T12:57:06.968Z] GET https://fonts.gstatic.com/s/notosanstc/v39/-nF7OG829Oofr2wohFbTp9iFOisNA_cTyNromxqQuEMQ2wHYwbnmy1R1jDujLebozBXCo2qYhRo.118.woff2 → 200 (3ms, -815B)
[2026-09-11T12:57:06.968Z] GET https://fonts.gstatic.com/s/notosanstc/v39/-nF7OG829Oofr2wohFbTp9iFOisNA_cTyNromxqQuEMQ2wHYwbnmy1R1jDujLebozBXCo2qYhRo.116.woff2 → 200 (4ms, -815B)
[2026-09-11T12:57:06.969Z] GET https://fonts.gstatic.com/s/notosanstc/v39/-nF7OG829Oofr2wohFbTp9iFOisNA_cTyNromxqQuEMQ2wHYwbnmy1R1jDujLebozBXCo2qYhRo.117.woff2 → 200 (2ms, -815B)
[2026-09-11T12:57:06.969Z] GET https://fonts.gstatic.com/s/notosanstc/v39/-nF7OG829Oofr2wohFbTp9iFOisNA_cTyNromxqQuEMQ2wHYwbnmy1R1jDujLebozBXCo2qYhRo.119.woff2 → 200 (3ms, -815B)
[2026-09-11T12:57:06.969Z] GET https://fonts.gstatic.com/s/notosanstc/v39/-nF7OG829Oofr2wohFbTp9i1OCEKIfVZ1w.woff2 → 200 (3ms, -814B)
[2026-09-11T12:57:06.994Z] GET https://fonts.gstatic.com/s/notosanstc/v39/-nF7OG829Oofr2wohFbTp9iFOisNA_cTyNromxqQuEMQ2wHYwbnmy1R1jDujLebozBXCo2qYhRo.115.woff2 → 200 (?ms, -814B)
[2026-09-11T12:57:06.994Z] GET https://fonts.gstatic.com/s/notosanstc/v39/-nF7OG829Oofr2wohFbTp9iFOisNA_cTyNromxqQuEMQ2wHYwbnmy1R1jDujLebozBXCo2qYhRo.113.woff2 → 200 (?ms, -815B)
[2026-09-11T12:57:06.994Z] GET https://fonts.gstatic.com/s/notosanstc/v39/-nF7OG829Oofr2wohFbTp9iFOisNA_cTyNromxqQuEMQ2wHYwbnmy1R1jDujLebozBXCo2qYhRo.112.woff2 → 200 (1ms, -814B)
[2026-09-11T12:57:06.994Z] GET https://fonts.gstatic.com/s/notosanstc/v39/-nF7OG829Oofr2wohFbTp9iFOisNA_cTyNromxqQuEMQ2wHYwbnmy1R1jDujLebozBXCo2qYhRo.111.woff2 → 200 (1ms, -815B)
[2026-09-11T12:57:06.994Z] GET https://fonts.gstatic.com/s/notosanstc/v39/-nF7OG829Oofr2wohFbTp9iFOisNA_cTyNromxqQuEMQ2wHYwbnmy1R1jDujLebozBXCo2qYhRo.114.woff2 → 200 (1ms, -815B)
[2026-09-11T12:57:06.994Z] GET https://fonts.gstatic.com/s/notosanstc/v39/-nF7OG829Oofr2wohFbTp9iFOisNA_cTyNromxqQuEMQ2wHYwbnmy1R1jDujLebozBXCo2qYhRo.109.woff2 → 200 (1ms, -815B)
[2026-09-11T12:57:06.994Z] GET https://fonts.gstatic.com/s/notosanstc/v39/-nF7OG829Oofr2wohFbTp9iFOisNA_cTyNromxqQuEMQ2wHYwbnmy1R1jDujLebozBXCo2qYhRo.110.woff2 → 200 (1ms, -815B)
[2026-09-11T12:57:09.616Z] GET file:///Users/ruru/giloo-shorts-talk/index.html → 200 (1ms, 53506B)
[2026-09-11T12:57:09.619Z] GET https://fonts.googleapis.com/css2?family=Newsreader:opsz,wght@6..72,300;6..72,400;6..72,500;6..72,600&family=IBM+Plex+Sans:wght@400;500;600&family=Noto+Sans+TC:wght@300;400;500&display=swap → 200 (2ms, -698B)
[2026-09-11T12:57:09.625Z] GET https://fonts.gstatic.com/s/newsreader/v26/cY9AfjOCX1hbuyalUrK4397yjIJFJpc.woff2 → 200 (15ms, -816B)
[2026-09-11T12:57:09.625Z] GET https://fonts.gstatic.com/s/ibmplexsans/v23/zYXzKVElMYYaJe8bpLHnCwDKr932-G7dytD-Dmu1syxeKYbSB4Zh.woff2 → 200 (14ms, -815B)
[2026-09-11T12:57:09.625Z] GET https://fonts.gstatic.com/s/notosanstc/v39/-nF7OG829Oofr2wohFbTp9iFOisNA_cTyNromxqQuEMQ2wHYwbnmy1R1jDujLebozBXCo2qYhRo.118.woff2 → 200 (15ms, -815B)
[2026-09-11T12:57:09.625Z] GET https://fonts.gstatic.com/s/notosanstc/v39/-nF7OG829Oofr2wohFbTp9iFOisNA_cTyNromxqQuEMQ2wHYwbnmy1R1jDujLebozBXCo2qYhRo.116.woff2 → 200 (16ms, -815B)
[2026-09-11T12:57:09.625Z] GET https://fonts.gstatic.com/s/notosanstc/v39/-nF7OG829Oofr2wohFbTp9iFOisNA_cTyNromxqQuEMQ2wHYwbnmy1R1jDujLebozBXCo2qYhRo.117.woff2 → 200 (17ms, -815B)
[2026-09-11T12:57:09.625Z] GET https://fonts.gstatic.com/s/notosanstc/v39/-nF7OG829Oofr2wohFbTp9iFOisNA_cTyNromxqQuEMQ2wHYwbnmy1R1jDujLebozBXCo2qYhRo.119.woff2 → 200 (15ms, -815B)
[2026-09-11T12:57:09.626Z] GET https://fonts.gstatic.com/s/notosanstc/v39/-nF7OG829Oofr2wohFbTp9i1OCEKIfVZ1w.woff2 → 200 (14ms, -814B)
[2026-09-11T12:57:09.639Z] GET https://fonts.gstatic.com/s/notosanstc/v39/-nF7OG829Oofr2wohFbTp9iFOisNA_cTyNromxqQuEMQ2wHYwbnmy1R1jDujLebozBXCo2qYhRo.115.woff2 → 200 (2ms, -814B)
[2026-09-11T12:57:09.639Z] GET https://fonts.gstatic.com/s/notosanstc/v39/-nF7OG829Oofr2wohFbTp9iFOisNA_cTyNromxqQuEMQ2wHYwbnmy1R1jDujLebozBXCo2qYhRo.113.woff2 → 200 (4ms, -815B)
[2026-09-11T12:57:09.639Z] GET https://fonts.gstatic.com/s/notosanstc/v39/-nF7OG829Oofr2wohFbTp9iFOisNA_cTyNromxqQuEMQ2wHYwbnmy1R1jDujLebozBXCo2qYhRo.112.woff2 → 200 (3ms, -814B)
[2026-09-11T12:57:09.639Z] GET https://fonts.gstatic.com/s/notosanstc/v39/-nF7OG829Oofr2wohFbTp9iFOisNA_cTyNromxqQuEMQ2wHYwbnmy1R1jDujLebozBXCo2qYhRo.111.woff2 → 200 (3ms, -815B)
[2026-09-11T12:57:09.639Z] GET https://fonts.gstatic.com/s/notosanstc/v39/-nF7OG829Oofr2wohFbTp9iFOisNA_cTyNromxqQuEMQ2wHYwbnmy1R1jDujLebozBXCo2qYhRo.114.woff2 → 200 (4ms, -815B)
[2026-09-11T12:57:09.639Z] GET https://fonts.gstatic.com/s/notosanstc/v39/-nF7OG829Oofr2wohFbTp9iFOisNA_cTyNromxqQuEMQ2wHYwbnmy1R1jDujLebozBXCo2qYhRo.109.woff2 → 200 (4ms, -815B)
[2026-09-11T12:57:09.639Z] GET https://fonts.gstatic.com/s/notosanstc/v39/-nF7OG829Oofr2wohFbTp9iFOisNA_cTyNromxqQuEMQ2wHYwbnmy1R1jDujLebozBXCo2qYhRo.110.woff2 → 200 (4ms, -815B)
[2026-09-11T12:57:12.286Z] GET file:///Users/ruru/giloo-shorts-talk/index.html → 200 (1ms, 53506B)
[2026-09-11T12:57:12.289Z] GET https://fonts.googleapis.com/css2?family=Newsreader:opsz,wght@6..72,300;6..72,400;6..72,500;6..72,600&family=IBM+Plex+Sans:wght@400;500;600&family=Noto+Sans+TC:wght@300;400;500&display=swap → 200 (2ms, -698B)
[2026-09-11T12:57:12.295Z] GET https://fonts.gstatic.com/s/newsreader/v26/cY9AfjOCX1hbuyalUrK4397yjIJFJpc.woff2 → 200 (1ms, -816B)
[2026-09-11T12:57:12.295Z] GET https://fonts.gstatic.com/s/ibmplexsans/v23/zYXzKVElMYYaJe8bpLHnCwDKr932-G7dytD-Dmu1syxeKYbSB4Zh.woff2 → 200 (?ms, -815B)
[2026-09-11T12:57:12.295Z] GET https://fonts.gstatic.com/s/notosanstc/v39/-nF7OG829Oofr2wohFbTp9iFOisNA_cTyNromxqQuEMQ2wHYwbnmy1R1jDujLebozBXCo2qYhRo.118.woff2 → 200 (1ms, -815B)
[2026-09-11T12:57:12.295Z] GET https://fonts.gstatic.com/s/notosanstc/v39/-nF7OG829Oofr2wohFbTp9iFOisNA_cTyNromxqQuEMQ2wHYwbnmy1R1jDujLebozBXCo2qYhRo.116.woff2 → 200 (1ms, -815B)
[2026-09-11T12:57:12.295Z] GET https://fonts.gstatic.com/s/notosanstc/v39/-nF7OG829Oofr2wohFbTp9iFOisNA_cTyNromxqQuEMQ2wHYwbnmy1R1jDujLebozBXCo2qYhRo.117.woff2 → 200 (1ms, -815B)
[2026-09-11T12:57:12.295Z] GET https://fonts.gstatic.com/s/notosanstc/v39/-nF7OG829Oofr2wohFbTp9iFOisNA_cTyNromxqQuEMQ2wHYwbnmy1R1jDujLebozBXCo2qYhRo.119.woff2 → 200 (1ms, -815B)
[2026-09-11T12:57:12.295Z] GET https://fonts.gstatic.com/s/notosanstc/v39/-nF7OG829Oofr2wohFbTp9i1OCEKIfVZ1w.woff2 → 200 (1ms, -814B)
[2026-09-11T12:57:12.313Z] GET https://fonts.gstatic.com/s/notosanstc/v39/-nF7OG829Oofr2wohFbTp9iFOisNA_cTyNromxqQuEMQ2wHYwbnmy1R1jDujLebozBXCo2qYhRo.115.woff2 → 200 (?ms, -814B)
[2026-09-11T12:57:12.313Z] GET https://fonts.gstatic.com/s/notosanstc/v39/-nF7OG829Oofr2wohFbTp9iFOisNA_cTyNromxqQuEMQ2wHYwbnmy1R1jDujLebozBXCo2qYhRo.113.woff2 → 200 (?ms, -815B)
[2026-09-11T12:57:12.313Z] GET https://fonts.gstatic.com/s/notosanstc/v39/-nF7OG829Oofr2wohFbTp9iFOisNA_cTyNromxqQuEMQ2wHYwbnmy1R1jDujLebozBXCo2qYhRo.112.woff2 → 200 (?ms, -814B)
[2026-09-11T12:57:12.313Z] GET https://fonts.gstatic.com/s/notosanstc/v39/-nF7OG829Oofr2wohFbTp9iFOisNA_cTyNromxqQuEMQ2wHYwbnmy1R1jDujLebozBXCo2qYhRo.111.woff2 → 200 (?ms, -815B)
[2026-09-11T12:57:12.313Z] GET https://fonts.gstatic.com/s/notosanstc/v39/-nF7OG829Oofr2wohFbTp9iFOisNA_cTyNromxqQuEMQ2wHYwbnmy1R1jDujLebozBXCo2qYhRo.114.woff2 → 200 (?ms, -815B)
[2026-09-11T12:57:12.313Z] GET https://fonts.gstatic.com/s/notosanstc/v39/-nF7OG829Oofr2wohFbTp9iFOisNA_cTyNromxqQuEMQ2wHYwbnmy1R1jDujLebozBXCo2qYhRo.109.woff2 → 200 (?ms, -815B)
[2026-09-11T12:57:12.313Z] GET https://fonts.gstatic.com/s/notosanstc/v39/-nF7OG829Oofr2wohFbTp9iFOisNA_cTyNromxqQuEMQ2wHYwbnmy1R1jDujLebozBXCo2qYhRo.110.woff2 → 200 (1ms, -815B)
[2026-09-11T12:57:22.047Z] GET file:///Users/ruru/giloo-shorts-talk/index.html → 200 (?ms, 53506B)
[2026-09-11T12:57:22.051Z] GET https://fonts.googleapis.com/css2?family=Newsreader:opsz,wght@6..72,300;6..72,400;6..72,500;6..72,600&family=IBM+Plex+Sans:wght@400;500;600&family=Noto+Sans+TC:wght@300;400;500&display=swap → 200 (?ms, -698B)
[2026-09-11T12:57:22.056Z] GET https://fonts.gstatic.com/s/newsreader/v26/cY9AfjOCX1hbuyalUrK4397yjIJFJpc.woff2 → 200 (19ms, -816B)
[2026-09-11T12:57:22.056Z] GET https://fonts.gstatic.com/s/ibmplexsans/v23/zYXzKVElMYYaJe8bpLHnCwDKr932-G7dytD-Dmu1syxeKYbSB4Zh.woff2 → 200 (1ms, -815B)
[2026-09-11T12:57:22.056Z] GET https://fonts.gstatic.com/s/notosanstc/v39/-nF7OG829Oofr2wohFbTp9iFOisNA_cTyNromxqQuEMQ2wHYwbnmy1R1jDujLebozBXCo2qYhRo.118.woff2 → 200 (20ms, -815B)
[2026-09-11T12:57:22.056Z] GET https://fonts.gstatic.com/s/notosanstc/v39/-nF7OG829Oofr2wohFbTp9iFOisNA_cTyNromxqQuEMQ2wHYwbnmy1R1jDujLebozBXCo2qYhRo.116.woff2 → 200 (20ms, -815B)
[2026-09-11T12:57:22.056Z] GET https://fonts.gstatic.com/s/notosanstc/v39/-nF7OG829Oofr2wohFbTp9iFOisNA_cTyNromxqQuEMQ2wHYwbnmy1R1jDujLebozBXCo2qYhRo.117.woff2 → 200 (21ms, -815B)
[2026-09-11T12:57:22.056Z] GET https://fonts.gstatic.com/s/notosanstc/v39/-nF7OG829Oofr2wohFbTp9iFOisNA_cTyNromxqQuEMQ2wHYwbnmy1R1jDujLebozBXCo2qYhRo.119.woff2 → 200 (20ms, -815B)
[2026-09-11T12:57:22.057Z] GET https://fonts.gstatic.com/s/notosanstc/v39/-nF7OG829Oofr2wohFbTp9i1OCEKIfVZ1w.woff2 → 200 (19ms, -814B)
[2026-09-11T12:57:22.075Z] GET https://fonts.gstatic.com/s/notosanstc/v39/-nF7OG829Oofr2wohFbTp9iFOisNA_cTyNromxqQuEMQ2wHYwbnmy1R1jDujLebozBXCo2qYhRo.115.woff2 → 200 (3ms, -814B)
[2026-09-11T12:57:22.075Z] GET https://fonts.gstatic.com/s/notosanstc/v39/-nF7OG829Oofr2wohFbTp9iFOisNA_cTyNromxqQuEMQ2wHYwbnmy1R1jDujLebozBXCo2qYhRo.113.woff2 → 200 (2ms, -815B)
[2026-09-11T12:57:22.075Z] GET https://fonts.gstatic.com/s/notosanstc/v39/-nF7OG829Oofr2wohFbTp9iFOisNA_cTyNromxqQuEMQ2wHYwbnmy1R1jDujLebozBXCo2qYhRo.112.woff2 → 200 (2ms, -814B)
[2026-09-11T12:57:22.075Z] GET https://fonts.gstatic.com/s/notosanstc/v39/-nF7OG829Oofr2wohFbTp9iFOisNA_cTyNromxqQuEMQ2wHYwbnmy1R1jDujLebozBXCo2qYhRo.111.woff2 → 200 (3ms, -815B)
[2026-09-11T12:57:22.075Z] GET https://fonts.gstatic.com/s/notosanstc/v39/-nF7OG829Oofr2wohFbTp9iFOisNA_cTyNromxqQuEMQ2wHYwbnmy1R1jDujLebozBXCo2qYhRo.114.woff2 → 200 (3ms, -815B)
[2026-09-11T12:57:22.075Z] GET https://fonts.gstatic.com/s/notosanstc/v39/-nF7OG829Oofr2wohFbTp9iFOisNA_cTyNromxqQuEMQ2wHYwbnmy1R1jDujLebozBXCo2qYhRo.109.woff2 → 200 (3ms, -815B)
[2026-09-11T12:57:22.075Z] GET https://fonts.gstatic.com/s/notosanstc/v39/-nF7OG829Oofr2wohFbTp9iFOisNA_cTyNromxqQuEMQ2wHYwbnmy1R1jDujLebozBXCo2qYhRo.110.woff2 → 200 (3ms, -815B)
[2026-09-11T13:25:47.131Z] GET file:///Users/ruru/giloo-shorts-talk/index.html → 200 (1ms, 55575B)
[2026-09-11T13:25:47.144Z] GET https://fonts.googleapis.com/css2?family=Newsreader:opsz,wght@6..72,300;6..72,400;6..72,500;6..72,600&family=IBM+Plex+Sans:wght@400;500;600&family=Noto+Sans+TC:wght@300;400;500&display=swap → 200 (1ms, -698B)
[2026-09-11T13:25:47.186Z] GET https://fonts.gstatic.com/s/newsreader/v26/cY9AfjOCX1hbuyalUrK4397yjIJFJpc.woff2 → 200 (1ms, -816B)
[2026-09-11T13:25:47.186Z] GET https://fonts.gstatic.com/s/ibmplexsans/v23/zYXzKVElMYYaJe8bpLHnCwDKr932-G7dytD-Dmu1syxeKYbSB4Zh.woff2 → 200 (1ms, -815B)
[2026-09-11T13:25:47.186Z] GET https://fonts.gstatic.com/s/notosanstc/v39/-nF7OG829Oofr2wohFbTp9iFOisNA_cTyNromxqQuEMQ2wHYwbnmy1R1jDujLebozBXCo2qYhRo.118.woff2 → 200 (1ms, -815B)
[2026-09-11T13:25:47.186Z] GET https://fonts.gstatic.com/s/notosanstc/v39/-nF7OG829Oofr2wohFbTp9iFOisNA_cTyNromxqQuEMQ2wHYwbnmy1R1jDujLebozBXCo2qYhRo.116.woff2 → 200 (2ms, -815B)
[2026-09-11T13:25:47.186Z] GET https://fonts.gstatic.com/s/notosanstc/v39/-nF7OG829Oofr2wohFbTp9iFOisNA_cTyNromxqQuEMQ2wHYwbnmy1R1jDujLebozBXCo2qYhRo.117.woff2 → 200 (2ms, -815B)
[2026-09-11T13:25:47.186Z] GET https://fonts.gstatic.com/s/notosanstc/v39/-nF7OG829Oofr2wohFbTp9iFOisNA_cTyNromxqQuEMQ2wHYwbnmy1R1jDujLebozBXCo2qYhRo.119.woff2 → 200 (2ms, -815B)
[2026-09-11T13:25:47.187Z] GET https://fonts.gstatic.com/s/notosanstc/v39/-nF7OG829Oofr2wohFbTp9i1OCEKIfVZ1w.woff2 → 200 (1ms, -814B)
[2026-09-11T13:25:47.187Z] GET https://fonts.gstatic.com/s/notosanstc/v39/-nF7OG829Oofr2wohFbTp9iFOisNA_cTyNromxqQuEMQ2wHYwbnmy1R1jDujLebozBXCo2qYhRo.115.woff2 → 200 (2ms, -814B)
[2026-09-11T13:25:47.187Z] GET https://fonts.gstatic.com/s/notosanstc/v39/-nF7OG829Oofr2wohFbTp9iFOisNA_cTyNromxqQuEMQ2wHYwbnmy1R1jDujLebozBXCo2qYhRo.113.woff2 → 200 (2ms, -815B)
[2026-09-11T13:25:47.187Z] GET https://fonts.gstatic.com/s/notosanstc/v39/-nF7OG829Oofr2wohFbTp9iFOisNA_cTyNromxqQuEMQ2wHYwbnmy1R1jDujLebozBXCo2qYhRo.112.woff2 → 200 (2ms, -814B)
[2026-09-11T13:25:47.187Z] GET https://fonts.gstatic.com/s/notosanstc/v39/-nF7OG829Oofr2wohFbTp9iFOisNA_cTyNromxqQuEMQ2wHYwbnmy1R1jDujLebozBXCo2qYhRo.111.woff2 → 200 (3ms, -815B)
[2026-09-11T13:25:47.187Z] GET https://fonts.gstatic.com/s/notosanstc/v39/-nF7OG829Oofr2wohFbTp9iFOisNA_cTyNromxqQuEMQ2wHYwbnmy1R1jDujLebozBXCo2qYhRo.114.woff2 → 200 (3ms, -815B)
[2026-09-11T13:25:47.187Z] GET https://fonts.gstatic.com/s/notosanstc/v39/-nF7OG829Oofr2wohFbTp9iFOisNA_cTyNromxqQuEMQ2wHYwbnmy1R1jDujLebozBXCo2qYhRo.109.woff2 → 200 (3ms, -815B)
[2026-09-11T13:25:47.187Z] GET https://fonts.gstatic.com/s/notosanstc/v39/-nF7OG829Oofr2wohFbTp9iFOisNA_cTyNromxqQuEMQ2wHYwbnmy1R1jDujLebozBXCo2qYhRo.110.woff2 → 200 (3ms, -815B)
[2026-09-11T13:25:49.887Z] GET file:///Users/ruru/giloo-shorts-talk/index.html → 200 (?ms, 55575B)
[2026-09-11T13:25:49.890Z] GET https://fonts.googleapis.com/css2?family=Newsreader:opsz,wght@6..72,300;6..72,400;6..72,500;6..72,600&family=IBM+Plex+Sans:wght@400;500;600&family=Noto+Sans+TC:wght@300;400;500&display=swap → 200 (2ms, -698B)
[2026-09-11T13:25:49.911Z] GET https://fonts.gstatic.com/s/newsreader/v26/cY9AfjOCX1hbuyalUrK4397yjIJFJpc.woff2 → 200 (1ms, -816B)
[2026-09-11T13:25:49.911Z] GET https://fonts.gstatic.com/s/ibmplexsans/v23/zYXzKVElMYYaJe8bpLHnCwDKr932-G7dytD-Dmu1syxeKYbSB4Zh.woff2 → 200 (1ms, -815B)
[2026-09-11T13:25:49.911Z] GET https://fonts.gstatic.com/s/notosanstc/v39/-nF7OG829Oofr2wohFbTp9iFOisNA_cTyNromxqQuEMQ2wHYwbnmy1R1jDujLebozBXCo2qYhRo.118.woff2 → 200 (1ms, -815B)
[2026-09-11T13:25:49.911Z] GET https://fonts.gstatic.com/s/notosanstc/v39/-nF7OG829Oofr2wohFbTp9iFOisNA_cTyNromxqQuEMQ2wHYwbnmy1R1jDujLebozBXCo2qYhRo.116.woff2 → 200 (2ms, -815B)
[2026-09-11T13:25:49.911Z] GET https://fonts.gstatic.com/s/notosanstc/v39/-nF7OG829Oofr2wohFbTp9iFOisNA_cTyNromxqQuEMQ2wHYwbnmy1R1jDujLebozBXCo2qYhRo.117.woff2 → 200 (2ms, -815B)
[2026-09-11T13:25:49.911Z] GET https://fonts.gstatic.com/s/notosanstc/v39/-nF7OG829Oofr2wohFbTp9iFOisNA_cTyNromxqQuEMQ2wHYwbnmy1R1jDujLebozBXCo2qYhRo.119.woff2 → 200 (1ms, -815B)
[2026-09-11T13:25:49.911Z] GET https://fonts.gstatic.com/s/notosanstc/v39/-nF7OG829Oofr2wohFbTp9i1OCEKIfVZ1w.woff2 → 200 (1ms, -814B)
[2026-09-11T13:25:49.911Z] GET https://fonts.gstatic.com/s/notosanstc/v39/-nF7OG829Oofr2wohFbTp9iFOisNA_cTyNromxqQuEMQ2wHYwbnmy1R1jDujLebozBXCo2qYhRo.115.woff2 → 200 (3ms, -814B)
[2026-09-11T13:25:49.911Z] GET https://fonts.gstatic.com/s/notosanstc/v39/-nF7OG829Oofr2wohFbTp9iFOisNA_cTyNromxqQuEMQ2wHYwbnmy1R1jDujLebozBXCo2qYhRo.113.woff2 → 200 (2ms, -815B)
[2026-09-11T13:25:49.911Z] GET https://fonts.gstatic.com/s/notosanstc/v39/-nF7OG829Oofr2wohFbTp9iFOisNA_cTyNromxqQuEMQ2wHYwbnmy1R1jDujLebozBXCo2qYhRo.112.woff2 → 200 (2ms, -814B)
[2026-09-11T13:25:49.911Z] GET https://fonts.gstatic.com/s/notosanstc/v39/-nF7OG829Oofr2wohFbTp9iFOisNA_cTyNromxqQuEMQ2wHYwbnmy1R1jDujLebozBXCo2qYhRo.111.woff2 → 200 (2ms, -815B)
[2026-09-11T13:25:49.911Z] GET https://fonts.gstatic.com/s/notosanstc/v39/-nF7OG829Oofr2wohFbTp9iFOisNA_cTyNromxqQuEMQ2wHYwbnmy1R1jDujLebozBXCo2qYhRo.114.woff2 → 200 (3ms, -815B)
[2026-09-11T13:25:49.912Z] GET https://fonts.gstatic.com/s/notosanstc/v39/-nF7OG829Oofr2wohFbTp9iFOisNA_cTyNromxqQuEMQ2wHYwbnmy1R1jDujLebozBXCo2qYhRo.109.woff2 → 200 (2ms, -815B)
[2026-09-11T13:25:49.912Z] GET https://fonts.gstatic.com/s/notosanstc/v39/-nF7OG829Oofr2wohFbTp9iFOisNA_cTyNromxqQuEMQ2wHYwbnmy1R1jDujLebozBXCo2qYhRo.110.woff2 → 200 (2ms, -815B)
[2026-09-11T13:25:52.606Z] GET file:///Users/ruru/giloo-shorts-talk/index.html → 200 (1ms, 55575B)
[2026-09-11T13:25:52.609Z] GET https://fonts.googleapis.com/css2?family=Newsreader:opsz,wght@6..72,300;6..72,400;6..72,500;6..72,600&family=IBM+Plex+Sans:wght@400;500;600&family=Noto+Sans+TC:wght@300;400;500&display=swap → 200 (2ms, -698B)
[2026-09-11T13:25:52.630Z] GET https://fonts.gstatic.com/s/newsreader/v26/cY9AfjOCX1hbuyalUrK4397yjIJFJpc.woff2 → 200 (1ms, -816B)
[2026-09-11T13:25:52.630Z] GET https://fonts.gstatic.com/s/ibmplexsans/v23/zYXzKVElMYYaJe8bpLHnCwDKr932-G7dytD-Dmu1syxeKYbSB4Zh.woff2 → 200 (1ms, -815B)
[2026-09-11T13:25:52.630Z] GET https://fonts.gstatic.com/s/notosanstc/v39/-nF7OG829Oofr2wohFbTp9iFOisNA_cTyNromxqQuEMQ2wHYwbnmy1R1jDujLebozBXCo2qYhRo.118.woff2 → 200 (1ms, -815B)
[2026-09-11T13:25:52.630Z] GET https://fonts.gstatic.com/s/notosanstc/v39/-nF7OG829Oofr2wohFbTp9iFOisNA_cTyNromxqQuEMQ2wHYwbnmy1R1jDujLebozBXCo2qYhRo.116.woff2 → 200 (2ms, -815B)
[2026-09-11T13:25:52.630Z] GET https://fonts.gstatic.com/s/notosanstc/v39/-nF7OG829Oofr2wohFbTp9iFOisNA_cTyNromxqQuEMQ2wHYwbnmy1R1jDujLebozBXCo2qYhRo.117.woff2 → 200 (2ms, -815B)
[2026-09-11T13:25:52.630Z] GET https://fonts.gstatic.com/s/notosanstc/v39/-nF7OG829Oofr2wohFbTp9iFOisNA_cTyNromxqQuEMQ2wHYwbnmy1R1jDujLebozBXCo2qYhRo.119.woff2 → 200 (2ms, -815B)
[2026-09-11T13:25:52.630Z] GET https://fonts.gstatic.com/s/notosanstc/v39/-nF7OG829Oofr2wohFbTp9i1OCEKIfVZ1w.woff2 → 200 (2ms, -814B)
[2026-09-11T13:25:52.630Z] GET https://fonts.gstatic.com/s/notosanstc/v39/-nF7OG829Oofr2wohFbTp9iFOisNA_cTyNromxqQuEMQ2wHYwbnmy1R1jDujLebozBXCo2qYhRo.115.woff2 → 200 (2ms, -814B)
[2026-09-11T13:25:52.631Z] GET https://fonts.gstatic.com/s/notosanstc/v39/-nF7OG829Oofr2wohFbTp9iFOisNA_cTyNromxqQuEMQ2wHYwbnmy1R1jDujLebozBXCo2qYhRo.113.woff2 → 200 (1ms, -815B)
[2026-09-11T13:25:52.631Z] GET https://fonts.gstatic.com/s/notosanstc/v39/-nF7OG829Oofr2wohFbTp9iFOisNA_cTyNromxqQuEMQ2wHYwbnmy1R1jDujLebozBXCo2qYhRo.112.woff2 → 200 (1ms, -814B)
[2026-09-11T13:25:52.631Z] GET https://fonts.gstatic.com/s/notosanstc/v39/-nF7OG829Oofr2wohFbTp9iFOisNA_cTyNromxqQuEMQ2wHYwbnmy1R1jDujLebozBXCo2qYhRo.111.woff2 → 200 (1ms, -815B)
[2026-09-11T13:25:52.631Z] GET https://fonts.gstatic.com/s/notosanstc/v39/-nF7OG829Oofr2wohFbTp9iFOisNA_cTyNromxqQuEMQ2wHYwbnmy1R1jDujLebozBXCo2qYhRo.114.woff2 → 200 (1ms, -815B)
[2026-09-11T13:25:52.631Z] GET https://fonts.gstatic.com/s/notosanstc/v39/-nF7OG829Oofr2wohFbTp9iFOisNA_cTyNromxqQuEMQ2wHYwbnmy1R1jDujLebozBXCo2qYhRo.109.woff2 → 200 (1ms, -815B)
[2026-09-11T13:25:52.631Z] GET https://fonts.gstatic.com/s/notosanstc/v39/-nF7OG829Oofr2wohFbTp9iFOisNA_cTyNromxqQuEMQ2wHYwbnmy1R1jDujLebozBXCo2qYhRo.110.woff2 → 200 (2ms, -815B)
[2026-09-11T13:26:07.330Z] GET file:///Users/ruru/giloo-shorts-talk/index.html → 200 (?ms, 55575B)
[2026-09-11T13:26:07.333Z] GET https://fonts.googleapis.com/css2?family=Newsreader:opsz,wght@6..72,300;6..72,400;6..72,500;6..72,600&family=IBM+Plex+Sans:wght@400;500;600&family=Noto+Sans+TC:wght@300;400;500&display=swap → 200 (2ms, -698B)
[2026-09-11T13:26:07.339Z] GET https://fonts.gstatic.com/s/newsreader/v26/cY9AfjOCX1hbuyalUrK4397yjIJFJpc.woff2 → 200 (1ms, -816B)
[2026-09-11T13:26:07.339Z] GET https://fonts.gstatic.com/s/ibmplexsans/v23/zYXzKVElMYYaJe8bpLHnCwDKr932-G7dytD-Dmu1syxeKYbSB4Zh.woff2 → 200 (?ms, -815B)
[2026-09-11T13:26:07.339Z] GET https://fonts.gstatic.com/s/notosanstc/v39/-nF7OG829Oofr2wohFbTp9iFOisNA_cTyNromxqQuEMQ2wHYwbnmy1R1jDujLebozBXCo2qYhRo.118.woff2 → 200 (1ms, -815B)
[2026-09-11T13:26:07.339Z] GET https://fonts.gstatic.com/s/notosanstc/v39/-nF7OG829Oofr2wohFbTp9iFOisNA_cTyNromxqQuEMQ2wHYwbnmy1R1jDujLebozBXCo2qYhRo.116.woff2 → 200 (1ms, -815B)
[2026-09-11T13:26:07.339Z] GET https://fonts.gstatic.com/s/notosanstc/v39/-nF7OG829Oofr2wohFbTp9iFOisNA_cTyNromxqQuEMQ2wHYwbnmy1R1jDujLebozBXCo2qYhRo.117.woff2 → 200 (2ms, -815B)
[2026-09-11T13:26:07.339Z] GET https://fonts.gstatic.com/s/notosanstc/v39/-nF7OG829Oofr2wohFbTp9iFOisNA_cTyNromxqQuEMQ2wHYwbnmy1R1jDujLebozBXCo2qYhRo.119.woff2 → 200 (1ms, -815B)
[2026-09-11T13:26:07.339Z] GET https://fonts.gstatic.com/s/notosanstc/v39/-nF7OG829Oofr2wohFbTp9i1OCEKIfVZ1w.woff2 → 200 (1ms, -814B)
[2026-09-11T13:26:07.361Z] GET https://fonts.gstatic.com/s/notosanstc/v39/-nF7OG829Oofr2wohFbTp9iFOisNA_cTyNromxqQuEMQ2wHYwbnmy1R1jDujLebozBXCo2qYhRo.115.woff2 → 200 (?ms, -814B)
[2026-09-11T13:26:07.361Z] GET https://fonts.gstatic.com/s/notosanstc/v39/-nF7OG829Oofr2wohFbTp9iFOisNA_cTyNromxqQuEMQ2wHYwbnmy1R1jDujLebozBXCo2qYhRo.113.woff2 → 200 (?ms, -815B)
[2026-09-11T13:26:07.361Z] GET https://fonts.gstatic.com/s/notosanstc/v39/-nF7OG829Oofr2wohFbTp9iFOisNA_cTyNromxqQuEMQ2wHYwbnmy1R1jDujLebozBXCo2qYhRo.112.woff2 → 200 (?ms, -814B)
[2026-09-11T13:26:07.361Z] GET https://fonts.gstatic.com/s/notosanstc/v39/-nF7OG829Oofr2wohFbTp9iFOisNA_cTyNromxqQuEMQ2wHYwbnmy1R1jDujLebozBXCo2qYhRo.111.woff2 → 200 (?ms, -815B)
[2026-09-11T13:26:07.361Z] GET https://fonts.gstatic.com/s/notosanstc/v39/-nF7OG829Oofr2wohFbTp9iFOisNA_cTyNromxqQuEMQ2wHYwbnmy1R1jDujLebozBXCo2qYhRo.114.woff2 → 200 (?ms, -815B)
[2026-09-11T13:26:07.361Z] GET https://fonts.gstatic.com/s/notosanstc/v39/-nF7OG829Oofr2wohFbTp9iFOisNA_cTyNromxqQuEMQ2wHYwbnmy1R1jDujLebozBXCo2qYhRo.109.woff2 → 200 (?ms, -815B)
[2026-09-11T13:26:07.361Z] GET https://fonts.gstatic.com/s/notosanstc/v39/-nF7OG829Oofr2wohFbTp9iFOisNA_cTyNromxqQuEMQ2wHYwbnmy1R1jDujLebozBXCo2qYhRo.110.woff2 → 200 (?ms, -815B)
[2026-09-11T13:27:15.666Z] GET file:///Users/ruru/giloo-shorts-talk/index.html → 200 (1ms, 55575B)
[2026-09-11T13:27:15.676Z] GET https://fonts.googleapis.com/css2?family=Newsreader:opsz,wght@6..72,300;6..72,400;6..72,500;6..72,600&family=IBM+Plex+Sans:wght@400;500;600&family=Noto+Sans+TC:wght@300;400;500&display=swap → 200 (3ms, -698B)
[2026-09-11T13:27:15.685Z] GET https://fonts.gstatic.com/s/newsreader/v26/cY9AfjOCX1hbuyalUrK4397yjIJFJpc.woff2 → 200 (27ms, -816B)
[2026-09-11T13:27:15.685Z] GET https://fonts.gstatic.com/s/ibmplexsans/v23/zYXzKVElMYYaJe8bpLHnCwDKr932-G7dytD-Dmu1syxeKYbSB4Zh.woff2 → 200 (26ms, -815B)
[2026-09-11T13:27:15.685Z] GET https://fonts.gstatic.com/s/notosanstc/v39/-nF7OG829Oofr2wohFbTp9iFOisNA_cTyNromxqQuEMQ2wHYwbnmy1R1jDujLebozBXCo2qYhRo.118.woff2 → 200 (27ms, -815B)
[2026-09-11T13:27:15.686Z] GET https://fonts.gstatic.com/s/notosanstc/v39/-nF7OG829Oofr2wohFbTp9iFOisNA_cTyNromxqQuEMQ2wHYwbnmy1R1jDujLebozBXCo2qYhRo.116.woff2 → 200 (27ms, -815B)
[2026-09-11T13:27:15.686Z] GET https://fonts.gstatic.com/s/notosanstc/v39/-nF7OG829Oofr2wohFbTp9iFOisNA_cTyNromxqQuEMQ2wHYwbnmy1R1jDujLebozBXCo2qYhRo.117.woff2 → 200 (30ms, -815B)
[2026-09-11T13:27:15.686Z] GET https://fonts.gstatic.com/s/notosanstc/v39/-nF7OG829Oofr2wohFbTp9iFOisNA_cTyNromxqQuEMQ2wHYwbnmy1R1jDujLebozBXCo2qYhRo.119.woff2 → 200 (29ms, -815B)
[2026-09-11T13:27:15.686Z] GET https://fonts.gstatic.com/s/notosanstc/v39/-nF7OG829Oofr2wohFbTp9i1OCEKIfVZ1w.woff2 → 200 (29ms, -814B)
[2026-09-11T13:27:15.710Z] GET https://fonts.gstatic.com/s/notosanstc/v39/-nF7OG829Oofr2wohFbTp9iFOisNA_cTyNromxqQuEMQ2wHYwbnmy1R1jDujLebozBXCo2qYhRo.115.woff2 → 200 (5ms, -814B)
[2026-09-11T13:27:15.710Z] GET https://fonts.gstatic.com/s/notosanstc/v39/-nF7OG829Oofr2wohFbTp9iFOisNA_cTyNromxqQuEMQ2wHYwbnmy1R1jDujLebozBXCo2qYhRo.113.woff2 → 200 (6ms, -815B)
[2026-09-11T13:27:15.710Z] GET https://fonts.gstatic.com/s/notosanstc/v39/-nF7OG829Oofr2wohFbTp9iFOisNA_cTyNromxqQuEMQ2wHYwbnmy1R1jDujLebozBXCo2qYhRo.112.woff2 → 200 (7ms, -814B)
[2026-09-11T13:27:15.710Z] GET https://fonts.gstatic.com/s/notosanstc/v39/-nF7OG829Oofr2wohFbTp9iFOisNA_cTyNromxqQuEMQ2wHYwbnmy1R1jDujLebozBXCo2qYhRo.111.woff2 → 200 (6ms, -815B)
[2026-09-11T13:27:15.711Z] GET https://fonts.gstatic.com/s/notosanstc/v39/-nF7OG829Oofr2wohFbTp9iFOisNA_cTyNromxqQuEMQ2wHYwbnmy1R1jDujLebozBXCo2qYhRo.114.woff2 → 200 (6ms, -815B)
[2026-09-11T13:27:15.711Z] GET https://fonts.gstatic.com/s/notosanstc/v39/-nF7OG829Oofr2wohFbTp9iFOisNA_cTyNromxqQuEMQ2wHYwbnmy1R1jDujLebozBXCo2qYhRo.109.woff2 → 200 (6ms, -815B)
[2026-09-11T13:27:15.711Z] GET https://fonts.gstatic.com/s/notosanstc/v39/-nF7OG829Oofr2wohFbTp9iFOisNA_cTyNromxqQuEMQ2wHYwbnmy1R1jDujLebozBXCo2qYhRo.110.woff2 → 200 (6ms, -815B)
[2026-09-11T13:28:12.053Z] GET file:///Users/ruru/giloo-shorts-talk/index.html → 200 (1ms, 56617B)
[2026-09-11T13:28:12.056Z] GET https://fonts.googleapis.com/css2?family=Newsreader:opsz,wght@6..72,300;6..72,400;6..72,500;6..72,600&family=IBM+Plex+Sans:wght@400;500;600&family=Noto+Sans+TC:wght@300;400;500&display=swap → 200 (2ms, -698B)
[2026-09-11T13:28:12.083Z] GET https://fonts.gstatic.com/s/newsreader/v26/cY9AfjOCX1hbuyalUrK4397yjIJFJpc.woff2 → 200 (2ms, -816B)
[2026-09-11T13:28:12.083Z] GET https://fonts.gstatic.com/s/ibmplexsans/v23/zYXzKVElMYYaJe8bpLHnCwDKr932-G7dytD-Dmu1syxeKYbSB4Zh.woff2 → 200 (1ms, -815B)
[2026-09-11T13:28:12.083Z] GET https://fonts.gstatic.com/s/notosanstc/v39/-nF7OG829Oofr2wohFbTp9iFOisNA_cTyNromxqQuEMQ2wHYwbnmy1R1jDujLebozBXCo2qYhRo.118.woff2 → 200 (2ms, -815B)
[2026-09-11T13:28:12.083Z] GET https://fonts.gstatic.com/s/notosanstc/v39/-nF7OG829Oofr2wohFbTp9iFOisNA_cTyNromxqQuEMQ2wHYwbnmy1R1jDujLebozBXCo2qYhRo.116.woff2 → 200 (3ms, -815B)
[2026-09-11T13:28:12.083Z] GET https://fonts.gstatic.com/s/notosanstc/v39/-nF7OG829Oofr2wohFbTp9iFOisNA_cTyNromxqQuEMQ2wHYwbnmy1R1jDujLebozBXCo2qYhRo.117.woff2 → 200 (4ms, -815B)
[2026-09-11T13:28:12.083Z] GET https://fonts.gstatic.com/s/notosanstc/v39/-nF7OG829Oofr2wohFbTp9iFOisNA_cTyNromxqQuEMQ2wHYwbnmy1R1jDujLebozBXCo2qYhRo.119.woff2 → 200 (4ms, -815B)
[2026-09-11T13:28:12.084Z] GET https://fonts.gstatic.com/s/notosanstc/v39/-nF7OG829Oofr2wohFbTp9i1OCEKIfVZ1w.woff2 → 200 (2ms, -814B)
[2026-09-11T13:28:12.084Z] GET https://fonts.gstatic.com/s/notosanstc/v39/-nF7OG829Oofr2wohFbTp9iFOisNA_cTyNromxqQuEMQ2wHYwbnmy1R1jDujLebozBXCo2qYhRo.115.woff2 → 200 (4ms, -814B)
[2026-09-11T13:28:12.084Z] GET https://fonts.gstatic.com/s/notosanstc/v39/-nF7OG829Oofr2wohFbTp9iFOisNA_cTyNromxqQuEMQ2wHYwbnmy1R1jDujLebozBXCo2qYhRo.113.woff2 → 200 (4ms, -815B)
[2026-09-11T13:28:12.084Z] GET https://fonts.gstatic.com/s/notosanstc/v39/-nF7OG829Oofr2wohFbTp9iFOisNA_cTyNromxqQuEMQ2wHYwbnmy1R1jDujLebozBXCo2qYhRo.112.woff2 → 200 (4ms, -814B)
[2026-09-11T13:28:12.084Z] GET https://fonts.gstatic.com/s/notosanstc/v39/-nF7OG829Oofr2wohFbTp9iFOisNA_cTyNromxqQuEMQ2wHYwbnmy1R1jDujLebozBXCo2qYhRo.111.woff2 → 200 (4ms, -815B)
[2026-09-11T13:28:12.084Z] GET https://fonts.gstatic.com/s/notosanstc/v39/-nF7OG829Oofr2wohFbTp9iFOisNA_cTyNromxqQuEMQ2wHYwbnmy1R1jDujLebozBXCo2qYhRo.114.woff2 → 200 (5ms, -815B)
[2026-09-11T13:28:12.084Z] GET https://fonts.gstatic.com/s/notosanstc/v39/-nF7OG829Oofr2wohFbTp9iFOisNA_cTyNromxqQuEMQ2wHYwbnmy1R1jDujLebozBXCo2qYhRo.109.woff2 → 200 (5ms, -815B)
[2026-09-11T13:28:12.084Z] GET https://fonts.gstatic.com/s/notosanstc/v39/-nF7OG829Oofr2wohFbTp9iFOisNA_cTyNromxqQuEMQ2wHYwbnmy1R1jDujLebozBXCo2qYhRo.110.woff2 → 200 (6ms, -815B)
[2026-09-11T13:28:14.768Z] GET file:///Users/ruru/giloo-shorts-talk/index.html → 200 (1ms, 56617B)
[2026-09-11T13:28:14.771Z] GET https://fonts.googleapis.com/css2?family=Newsreader:opsz,wght@6..72,300;6..72,400;6..72,500;6..72,600&family=IBM+Plex+Sans:wght@400;500;600&family=Noto+Sans+TC:wght@300;400;500&display=swap → 200 (2ms, -698B)
[2026-09-11T13:28:14.777Z] GET https://fonts.gstatic.com/s/newsreader/v26/cY9AfjOCX1hbuyalUrK4397yjIJFJpc.woff2 → 200 (12ms, -816B)
[2026-09-11T13:28:14.777Z] GET https://fonts.gstatic.com/s/ibmplexsans/v23/zYXzKVElMYYaJe8bpLHnCwDKr932-G7dytD-Dmu1syxeKYbSB4Zh.woff2 → 200 (11ms, -815B)
[2026-09-11T13:28:14.777Z] GET https://fonts.gstatic.com/s/notosanstc/v39/-nF7OG829Oofr2wohFbTp9iFOisNA_cTyNromxqQuEMQ2wHYwbnmy1R1jDujLebozBXCo2qYhRo.118.woff2 → 200 (11ms, -815B)
[2026-09-11T13:28:14.777Z] GET https://fonts.gstatic.com/s/notosanstc/v39/-nF7OG829Oofr2wohFbTp9iFOisNA_cTyNromxqQuEMQ2wHYwbnmy1R1jDujLebozBXCo2qYhRo.116.woff2 → 200 (12ms, -815B)
[2026-09-11T13:28:14.777Z] GET https://fonts.gstatic.com/s/notosanstc/v39/-nF7OG829Oofr2wohFbTp9iFOisNA_cTyNromxqQuEMQ2wHYwbnmy1R1jDujLebozBXCo2qYhRo.117.woff2 → 200 (12ms, -815B)
[2026-09-11T13:28:14.777Z] GET https://fonts.gstatic.com/s/notosanstc/v39/-nF7OG829Oofr2wohFbTp9iFOisNA_cTyNromxqQuEMQ2wHYwbnmy1R1jDujLebozBXCo2qYhRo.119.woff2 → 200 (12ms, -815B)
[2026-09-11T13:28:14.777Z] GET https://fonts.gstatic.com/s/notosanstc/v39/-nF7OG829Oofr2wohFbTp9i1OCEKIfVZ1w.woff2 → 200 (11ms, -814B)
[2026-09-11T13:28:14.786Z] GET https://fonts.gstatic.com/s/notosanstc/v39/-nF7OG829Oofr2wohFbTp9iFOisNA_cTyNromxqQuEMQ2wHYwbnmy1R1jDujLebozBXCo2qYhRo.115.woff2 → 200 (3ms, -814B)
[2026-09-11T13:28:14.787Z] GET https://fonts.gstatic.com/s/notosanstc/v39/-nF7OG829Oofr2wohFbTp9iFOisNA_cTyNromxqQuEMQ2wHYwbnmy1R1jDujLebozBXCo2qYhRo.113.woff2 → 200 (3ms, -815B)
[2026-09-11T13:28:14.787Z] GET https://fonts.gstatic.com/s/notosanstc/v39/-nF7OG829Oofr2wohFbTp9iFOisNA_cTyNromxqQuEMQ2wHYwbnmy1R1jDujLebozBXCo2qYhRo.112.woff2 → 200 (3ms, -814B)
[2026-09-11T13:28:14.787Z] GET https://fonts.gstatic.com/s/notosanstc/v39/-nF7OG829Oofr2wohFbTp9iFOisNA_cTyNromxqQuEMQ2wHYwbnmy1R1jDujLebozBXCo2qYhRo.111.woff2 → 200 (3ms, -815B)
[2026-09-11T13:28:14.787Z] GET https://fonts.gstatic.com/s/notosanstc/v39/-nF7OG829Oofr2wohFbTp9iFOisNA_cTyNromxqQuEMQ2wHYwbnmy1R1jDujLebozBXCo2qYhRo.114.woff2 → 200 (3ms, -815B)
[2026-09-11T13:28:14.787Z] GET https://fonts.gstatic.com/s/notosanstc/v39/-nF7OG829Oofr2wohFbTp9iFOisNA_cTyNromxqQuEMQ2wHYwbnmy1R1jDujLebozBXCo2qYhRo.109.woff2 → 200 (3ms, -815B)
[2026-09-11T13:28:14.788Z] GET https://fonts.gstatic.com/s/notosanstc/v39/-nF7OG829Oofr2wohFbTp9iFOisNA_cTyNromxqQuEMQ2wHYwbnmy1R1jDujLebozBXCo2qYhRo.110.woff2 → 200 (2ms, -815B)
[2026-09-11T13:28:17.430Z] GET file:///Users/ruru/giloo-shorts-talk/index.html → 200 (1ms, 56617B)
[2026-09-11T13:28:17.433Z] GET https://fonts.googleapis.com/css2?family=Newsreader:opsz,wght@6..72,300;6..72,400;6..72,500;6..72,600&family=IBM+Plex+Sans:wght@400;500;600&family=Noto+Sans+TC:wght@300;400;500&display=swap → 200 (2ms, -698B)
[2026-09-11T13:28:17.439Z] GET https://fonts.gstatic.com/s/newsreader/v26/cY9AfjOCX1hbuyalUrK4397yjIJFJpc.woff2 → 200 (1ms, -816B)
[2026-09-11T13:28:17.439Z] GET https://fonts.gstatic.com/s/ibmplexsans/v23/zYXzKVElMYYaJe8bpLHnCwDKr932-G7dytD-Dmu1syxeKYbSB4Zh.woff2 → 200 (?ms, -815B)
[2026-09-11T13:28:17.439Z] GET https://fonts.gstatic.com/s/notosanstc/v39/-nF7OG829Oofr2wohFbTp9iFOisNA_cTyNromxqQuEMQ2wHYwbnmy1R1jDujLebozBXCo2qYhRo.118.woff2 → 200 (1ms, -815B)
[2026-09-11T13:28:17.439Z] GET https://fonts.gstatic.com/s/notosanstc/v39/-nF7OG829Oofr2wohFbTp9iFOisNA_cTyNromxqQuEMQ2wHYwbnmy1R1jDujLebozBXCo2qYhRo.116.woff2 → 200 (1ms, -815B)
[2026-09-11T13:28:17.439Z] GET https://fonts.gstatic.com/s/notosanstc/v39/-nF7OG829Oofr2wohFbTp9iFOisNA_cTyNromxqQuEMQ2wHYwbnmy1R1jDujLebozBXCo2qYhRo.117.woff2 → 200 (1ms, -815B)
[2026-09-11T13:28:17.439Z] GET https://fonts.gstatic.com/s/notosanstc/v39/-nF7OG829Oofr2wohFbTp9iFOisNA_cTyNromxqQuEMQ2wHYwbnmy1R1jDujLebozBXCo2qYhRo.119.woff2 → 200 (1ms, -815B)
[2026-09-11T13:28:17.439Z] GET https://fonts.gstatic.com/s/notosanstc/v39/-nF7OG829Oofr2wohFbTp9i1OCEKIfVZ1w.woff2 → 200 (1ms, -814B)
[2026-09-11T13:28:17.458Z] GET https://fonts.gstatic.com/s/notosanstc/v39/-nF7OG829Oofr2wohFbTp9iFOisNA_cTyNromxqQuEMQ2wHYwbnmy1R1jDujLebozBXCo2qYhRo.115.woff2 → 200 (?ms, -814B)
[2026-09-11T13:28:17.458Z] GET https://fonts.gstatic.com/s/notosanstc/v39/-nF7OG829Oofr2wohFbTp9iFOisNA_cTyNromxqQuEMQ2wHYwbnmy1R1jDujLebozBXCo2qYhRo.113.woff2 → 200 (1ms, -815B)
[2026-09-11T13:28:17.458Z] GET https://fonts.gstatic.com/s/notosanstc/v39/-nF7OG829Oofr2wohFbTp9iFOisNA_cTyNromxqQuEMQ2wHYwbnmy1R1jDujLebozBXCo2qYhRo.112.woff2 → 200 (1ms, -814B)
[2026-09-11T13:28:17.458Z] GET https://fonts.gstatic.com/s/notosanstc/v39/-nF7OG829Oofr2wohFbTp9iFOisNA_cTyNromxqQuEMQ2wHYwbnmy1R1jDujLebozBXCo2qYhRo.111.woff2 → 200 (1ms, -815B)
[2026-09-11T13:28:17.458Z] GET https://fonts.gstatic.com/s/notosanstc/v39/-nF7OG829Oofr2wohFbTp9iFOisNA_cTyNromxqQuEMQ2wHYwbnmy1R1jDujLebozBXCo2qYhRo.114.woff2 → 200 (1ms, -815B)
[2026-09-11T13:28:17.458Z] GET https://fonts.gstatic.com/s/notosanstc/v39/-nF7OG829Oofr2wohFbTp9iFOisNA_cTyNromxqQuEMQ2wHYwbnmy1R1jDujLebozBXCo2qYhRo.109.woff2 → 200 (1ms, -815B)
[2026-09-11T13:28:17.458Z] GET https://fonts.gstatic.com/s/notosanstc/v39/-nF7OG829Oofr2wohFbTp9iFOisNA_cTyNromxqQuEMQ2wHYwbnmy1R1jDujLebozBXCo2qYhRo.110.woff2 → 200 (1ms, -815B)
[2026-09-11T13:28:28.486Z] GET file:///Users/ruru/giloo-shorts-talk/index.html → 200 (?ms, 56617B)
[2026-09-11T13:28:28.489Z] GET https://fonts.googleapis.com/css2?family=Newsreader:opsz,wght@6..72,300;6..72,400;6..72,500;6..72,600&family=IBM+Plex+Sans:wght@400;500;600&family=Noto+Sans+TC:wght@300;400;500&display=swap → 200 (2ms, -698B)
[2026-09-11T13:28:28.495Z] GET https://fonts.gstatic.com/s/newsreader/v26/cY9AfjOCX1hbuyalUrK4397yjIJFJpc.woff2 → 200 (17ms, -816B)
[2026-09-11T13:28:28.495Z] GET https://fonts.gstatic.com/s/ibmplexsans/v23/zYXzKVElMYYaJe8bpLHnCwDKr932-G7dytD-Dmu1syxeKYbSB4Zh.woff2 → 200 (17ms, -815B)
[2026-09-11T13:28:28.495Z] GET https://fonts.gstatic.com/s/notosanstc/v39/-nF7OG829Oofr2wohFbTp9iFOisNA_cTyNromxqQuEMQ2wHYwbnmy1R1jDujLebozBXCo2qYhRo.118.woff2 → 200 (17ms, -815B)
[2026-09-11T13:28:28.495Z] GET https://fonts.gstatic.com/s/notosanstc/v39/-nF7OG829Oofr2wohFbTp9iFOisNA_cTyNromxqQuEMQ2wHYwbnmy1R1jDujLebozBXCo2qYhRo.116.woff2 → 200 (19ms, -815B)
[2026-09-11T13:28:28.495Z] GET https://fonts.gstatic.com/s/notosanstc/v39/-nF7OG829Oofr2wohFbTp9iFOisNA_cTyNromxqQuEMQ2wHYwbnmy1R1jDujLebozBXCo2qYhRo.117.woff2 → 200 (19ms, -815B)
[2026-09-11T13:28:28.496Z] GET https://fonts.gstatic.com/s/notosanstc/v39/-nF7OG829Oofr2wohFbTp9iFOisNA_cTyNromxqQuEMQ2wHYwbnmy1R1jDujLebozBXCo2qYhRo.119.woff2 → 200 (17ms, -815B)
[2026-09-11T13:28:28.496Z] GET https://fonts.gstatic.com/s/notosanstc/v39/-nF7OG829Oofr2wohFbTp9i1OCEKIfVZ1w.woff2 → 200 (17ms, -814B)
[2026-09-11T13:28:28.511Z] GET https://fonts.gstatic.com/s/notosanstc/v39/-nF7OG829Oofr2wohFbTp9iFOisNA_cTyNromxqQuEMQ2wHYwbnmy1R1jDujLebozBXCo2qYhRo.115.woff2 → 200 (3ms, -814B)
[2026-09-11T13:28:28.512Z] GET https://fonts.gstatic.com/s/notosanstc/v39/-nF7OG829Oofr2wohFbTp9iFOisNA_cTyNromxqQuEMQ2wHYwbnmy1R1jDujLebozBXCo2qYhRo.113.woff2 → 200 (3ms, -815B)
[2026-09-11T13:28:28.512Z] GET https://fonts.gstatic.com/s/notosanstc/v39/-nF7OG829Oofr2wohFbTp9iFOisNA_cTyNromxqQuEMQ2wHYwbnmy1R1jDujLebozBXCo2qYhRo.112.woff2 → 200 (3ms, -814B)
[2026-09-11T13:28:28.512Z] GET https://fonts.gstatic.com/s/notosanstc/v39/-nF7OG829Oofr2wohFbTp9iFOisNA_cTyNromxqQuEMQ2wHYwbnmy1R1jDujLebozBXCo2qYhRo.111.woff2 → 200 (4ms, -815B)
[2026-09-11T13:28:28.512Z] GET https://fonts.gstatic.com/s/notosanstc/v39/-nF7OG829Oofr2wohFbTp9iFOisNA_cTyNromxqQuEMQ2wHYwbnmy1R1jDujLebozBXCo2qYhRo.114.woff2 → 200 (4ms, -815B)
[2026-09-11T13:28:28.512Z] GET https://fonts.gstatic.com/s/notosanstc/v39/-nF7OG829Oofr2wohFbTp9iFOisNA_cTyNromxqQuEMQ2wHYwbnmy1R1jDujLebozBXCo2qYhRo.109.woff2 → 200 (4ms, -815B)
[2026-09-11T13:28:28.512Z] GET https://fonts.gstatic.com/s/notosanstc/v39/-nF7OG829Oofr2wohFbTp9iFOisNA_cTyNromxqQuEMQ2wHYwbnmy1R1jDujLebozBXCo2qYhRo.110.woff2 → 200 (5ms, -815B)
[2026-09-11T13:32:05.519Z] GET file:///Users/ruru/giloo-shorts-talk/index.html → 200 (1ms, 56684B)
[2026-09-11T13:32:05.529Z] GET https://fonts.googleapis.com/css2?family=Newsreader:opsz,wght@6..72,300;6..72,400;6..72,500;6..72,600&family=IBM+Plex+Sans:wght@400;500;600&family=Noto+Sans+TC:wght@300;400;500&display=swap → 200 (2ms, -698B)
[2026-09-11T13:32:05.537Z] GET https://fonts.gstatic.com/s/newsreader/v26/cY9AfjOCX1hbuyalUrK4397yjIJFJpc.woff2 → 200 (26ms, -816B)
[2026-09-11T13:32:05.537Z] GET https://fonts.gstatic.com/s/ibmplexsans/v23/zYXzKVElMYYaJe8bpLHnCwDKr932-G7dytD-Dmu1syxeKYbSB4Zh.woff2 → 200 (1ms, -815B)
[2026-09-11T13:32:05.537Z] GET https://fonts.gstatic.com/s/notosanstc/v39/-nF7OG829Oofr2wohFbTp9iFOisNA_cTyNromxqQuEMQ2wHYwbnmy1R1jDujLebozBXCo2qYhRo.118.woff2 → 200 (27ms, -815B)
[2026-09-11T13:32:05.537Z] GET https://fonts.gstatic.com/s/notosanstc/v39/-nF7OG829Oofr2wohFbTp9iFOisNA_cTyNromxqQuEMQ2wHYwbnmy1R1jDujLebozBXCo2qYhRo.116.woff2 → 200 (27ms, -815B)
[2026-09-11T13:32:05.537Z] GET https://fonts.gstatic.com/s/notosanstc/v39/-nF7OG829Oofr2wohFbTp9iFOisNA_cTyNromxqQuEMQ2wHYwbnmy1R1jDujLebozBXCo2qYhRo.117.woff2 → 200 (28ms, -815B)
[2026-09-11T13:32:05.537Z] GET https://fonts.gstatic.com/s/notosanstc/v39/-nF7OG829Oofr2wohFbTp9iFOisNA_cTyNromxqQuEMQ2wHYwbnmy1R1jDujLebozBXCo2qYhRo.119.woff2 → 200 (29ms, -815B)
[2026-09-11T13:32:05.537Z] GET https://fonts.gstatic.com/s/notosanstc/v39/-nF7OG829Oofr2wohFbTp9i1OCEKIfVZ1w.woff2 → 200 (28ms, -814B)
[2026-09-11T13:32:05.563Z] GET https://fonts.gstatic.com/s/notosanstc/v39/-nF7OG829Oofr2wohFbTp9iFOisNA_cTyNromxqQuEMQ2wHYwbnmy1R1jDujLebozBXCo2qYhRo.115.woff2 → 200 (4ms, -814B)
[2026-09-11T13:32:05.563Z] GET https://fonts.gstatic.com/s/notosanstc/v39/-nF7OG829Oofr2wohFbTp9iFOisNA_cTyNromxqQuEMQ2wHYwbnmy1R1jDujLebozBXCo2qYhRo.113.woff2 → 200 (4ms, -815B)
[2026-09-11T13:32:05.563Z] GET https://fonts.gstatic.com/s/notosanstc/v39/-nF7OG829Oofr2wohFbTp9iFOisNA_cTyNromxqQuEMQ2wHYwbnmy1R1jDujLebozBXCo2qYhRo.112.woff2 → 200 (7ms, -814B)
[2026-09-11T13:32:05.563Z] GET https://fonts.gstatic.com/s/notosanstc/v39/-nF7OG829Oofr2wohFbTp9iFOisNA_cTyNromxqQuEMQ2wHYwbnmy1R1jDujLebozBXCo2qYhRo.111.woff2 → 200 (7ms, -815B)
[2026-09-11T13:32:05.563Z] GET https://fonts.gstatic.com/s/notosanstc/v39/-nF7OG829Oofr2wohFbTp9iFOisNA_cTyNromxqQuEMQ2wHYwbnmy1R1jDujLebozBXCo2qYhRo.114.woff2 → 200 (7ms, -815B)
[2026-09-11T13:32:05.563Z] GET https://fonts.gstatic.com/s/notosanstc/v39/-nF7OG829Oofr2wohFbTp9iFOisNA_cTyNromxqQuEMQ2wHYwbnmy1R1jDujLebozBXCo2qYhRo.109.woff2 → 200 (7ms, -815B)
[2026-09-11T13:32:05.563Z] GET https://fonts.gstatic.com/s/notosanstc/v39/-nF7OG829Oofr2wohFbTp9iFOisNA_cTyNromxqQuEMQ2wHYwbnmy1R1jDujLebozBXCo2qYhRo.110.woff2 → 200 (7ms, -815B)
[2026-09-11T13:32:08.183Z] GET file:///Users/ruru/giloo-shorts-talk/index.html → 200 (1ms, 56684B)
[2026-09-11T13:32:08.186Z] GET https://fonts.googleapis.com/css2?family=Newsreader:opsz,wght@6..72,300;6..72,400;6..72,500;6..72,600&family=IBM+Plex+Sans:wght@400;500;600&family=Noto+Sans+TC:wght@300;400;500&display=swap → 200 (2ms, -698B)
[2026-09-11T13:32:08.194Z] GET https://fonts.gstatic.com/s/newsreader/v26/cY9AfjOCX1hbuyalUrK4397yjIJFJpc.woff2 → 200 (1ms, -816B)
[2026-09-11T13:32:08.194Z] GET https://fonts.gstatic.com/s/ibmplexsans/v23/zYXzKVElMYYaJe8bpLHnCwDKr932-G7dytD-Dmu1syxeKYbSB4Zh.woff2 → 200 (?ms, -815B)
[2026-09-11T13:32:08.194Z] GET https://fonts.gstatic.com/s/notosanstc/v39/-nF7OG829Oofr2wohFbTp9iFOisNA_cTyNromxqQuEMQ2wHYwbnmy1R1jDujLebozBXCo2qYhRo.118.woff2 → 200 (?ms, -815B)
[2026-09-11T13:32:08.194Z] GET https://fonts.gstatic.com/s/notosanstc/v39/-nF7OG829Oofr2wohFbTp9iFOisNA_cTyNromxqQuEMQ2wHYwbnmy1R1jDujLebozBXCo2qYhRo.116.woff2 → 200 (1ms, -815B)
[2026-09-11T13:32:08.194Z] GET https://fonts.gstatic.com/s/notosanstc/v39/-nF7OG829Oofr2wohFbTp9iFOisNA_cTyNromxqQuEMQ2wHYwbnmy1R1jDujLebozBXCo2qYhRo.117.woff2 → 200 (1ms, -815B)
[2026-09-11T13:32:08.194Z] GET https://fonts.gstatic.com/s/notosanstc/v39/-nF7OG829Oofr2wohFbTp9iFOisNA_cTyNromxqQuEMQ2wHYwbnmy1R1jDujLebozBXCo2qYhRo.119.woff2 → 200 (1ms, -815B)
[2026-09-11T13:32:08.194Z] GET https://fonts.gstatic.com/s/notosanstc/v39/-nF7OG829Oofr2wohFbTp9i1OCEKIfVZ1w.woff2 → 200 (1ms, -814B)
[2026-09-11T13:32:08.215Z] GET https://fonts.gstatic.com/s/notosanstc/v39/-nF7OG829Oofr2wohFbTp9iFOisNA_cTyNromxqQuEMQ2wHYwbnmy1R1jDujLebozBXCo2qYhRo.115.woff2 → 200 (?ms, -814B)
[2026-09-11T13:32:08.215Z] GET https://fonts.gstatic.com/s/notosanstc/v39/-nF7OG829Oofr2wohFbTp9iFOisNA_cTyNromxqQuEMQ2wHYwbnmy1R1jDujLebozBXCo2qYhRo.113.woff2 → 200 (?ms, -815B)
[2026-09-11T13:32:08.215Z] GET https://fonts.gstatic.com/s/notosanstc/v39/-nF7OG829Oofr2wohFbTp9iFOisNA_cTyNromxqQuEMQ2wHYwbnmy1R1jDujLebozBXCo2qYhRo.112.woff2 → 200 (?ms, -814B)
[2026-09-11T13:32:08.215Z] GET https://fonts.gstatic.com/s/notosanstc/v39/-nF7OG829Oofr2wohFbTp9iFOisNA_cTyNromxqQuEMQ2wHYwbnmy1R1jDujLebozBXCo2qYhRo.111.woff2 → 200 (?ms, -815B)
[2026-09-11T13:32:08.215Z] GET https://fonts.gstatic.com/s/notosanstc/v39/-nF7OG829Oofr2wohFbTp9iFOisNA_cTyNromxqQuEMQ2wHYwbnmy1R1jDujLebozBXCo2qYhRo.114.woff2 → 200 (1ms, -815B)
[2026-09-11T13:32:08.215Z] GET https://fonts.gstatic.com/s/notosanstc/v39/-nF7OG829Oofr2wohFbTp9iFOisNA_cTyNromxqQuEMQ2wHYwbnmy1R1jDujLebozBXCo2qYhRo.109.woff2 → 200 (1ms, -815B)
[2026-09-11T13:32:08.215Z] GET https://fonts.gstatic.com/s/notosanstc/v39/-nF7OG829Oofr2wohFbTp9iFOisNA_cTyNromxqQuEMQ2wHYwbnmy1R1jDujLebozBXCo2qYhRo.110.woff2 → 200 (1ms, -815B)
[2026-09-11T13:32:10.532Z] GET file:///Users/ruru/giloo-shorts-talk/index.html → 200 (?ms, 56684B)
[2026-09-11T13:32:10.535Z] GET https://fonts.googleapis.com/css2?family=Newsreader:opsz,wght@6..72,300;6..72,400;6..72,500;6..72,600&family=IBM+Plex+Sans:wght@400;500;600&family=Noto+Sans+TC:wght@300;400;500&display=swap → 200 (1ms, -698B)
[2026-09-11T13:32:10.542Z] GET https://fonts.gstatic.com/s/newsreader/v26/cY9AfjOCX1hbuyalUrK4397yjIJFJpc.woff2 → 200 (1ms, -816B)
[2026-09-11T13:32:10.542Z] GET https://fonts.gstatic.com/s/ibmplexsans/v23/zYXzKVElMYYaJe8bpLHnCwDKr932-G7dytD-Dmu1syxeKYbSB4Zh.woff2 → 200 (1ms, -815B)
[2026-09-11T13:32:10.542Z] GET https://fonts.gstatic.com/s/notosanstc/v39/-nF7OG829Oofr2wohFbTp9iFOisNA_cTyNromxqQuEMQ2wHYwbnmy1R1jDujLebozBXCo2qYhRo.118.woff2 → 200 (1ms, -815B)
[2026-09-11T13:32:10.543Z] GET https://fonts.gstatic.com/s/notosanstc/v39/-nF7OG829Oofr2wohFbTp9iFOisNA_cTyNromxqQuEMQ2wHYwbnmy1R1jDujLebozBXCo2qYhRo.116.woff2 → 200 (?ms, -815B)
[2026-09-11T13:32:10.543Z] GET https://fonts.gstatic.com/s/notosanstc/v39/-nF7OG829Oofr2wohFbTp9iFOisNA_cTyNromxqQuEMQ2wHYwbnmy1R1jDujLebozBXCo2qYhRo.117.woff2 → 200 (?ms, -815B)
[2026-09-11T13:32:10.543Z] GET https://fonts.gstatic.com/s/notosanstc/v39/-nF7OG829Oofr2wohFbTp9iFOisNA_cTyNromxqQuEMQ2wHYwbnmy1R1jDujLebozBXCo2qYhRo.119.woff2 → 200 (?ms, -815B)
[2026-09-11T13:32:10.543Z] GET https://fonts.gstatic.com/s/notosanstc/v39/-nF7OG829Oofr2wohFbTp9i1OCEKIfVZ1w.woff2 → 200 (?ms, -814B)
[2026-09-11T13:32:10.562Z] GET https://fonts.gstatic.com/s/notosanstc/v39/-nF7OG829Oofr2wohFbTp9iFOisNA_cTyNromxqQuEMQ2wHYwbnmy1R1jDujLebozBXCo2qYhRo.115.woff2 → 200 (1ms, -814B)
[2026-09-11T13:32:10.562Z] GET https://fonts.gstatic.com/s/notosanstc/v39/-nF7OG829Oofr2wohFbTp9iFOisNA_cTyNromxqQuEMQ2wHYwbnmy1R1jDujLebozBXCo2qYhRo.113.woff2 → 200 (1ms, -815B)
[2026-09-11T13:32:10.562Z] GET https://fonts.gstatic.com/s/notosanstc/v39/-nF7OG829Oofr2wohFbTp9iFOisNA_cTyNromxqQuEMQ2wHYwbnmy1R1jDujLebozBXCo2qYhRo.112.woff2 → 200 (1ms, -814B)
[2026-09-11T13:32:10.562Z] GET https://fonts.gstatic.com/s/notosanstc/v39/-nF7OG829Oofr2wohFbTp9iFOisNA_cTyNromxqQuEMQ2wHYwbnmy1R1jDujLebozBXCo2qYhRo.111.woff2 → 200 (1ms, -815B)
[2026-09-11T13:32:10.563Z] GET https://fonts.gstatic.com/s/notosanstc/v39/-nF7OG829Oofr2wohFbTp9iFOisNA_cTyNromxqQuEMQ2wHYwbnmy1R1jDujLebozBXCo2qYhRo.114.woff2 → 200 (?ms, -815B)
[2026-09-11T13:32:10.563Z] GET https://fonts.gstatic.com/s/notosanstc/v39/-nF7OG829Oofr2wohFbTp9iFOisNA_cTyNromxqQuEMQ2wHYwbnmy1R1jDujLebozBXCo2qYhRo.109.woff2 → 200 (?ms, -815B)
[2026-09-11T13:32:10.563Z] GET https://fonts.gstatic.com/s/notosanstc/v39/-nF7OG829Oofr2wohFbTp9iFOisNA_cTyNromxqQuEMQ2wHYwbnmy1R1jDujLebozBXCo2qYhRo.110.woff2 → 200 (?ms, -815B)
[2026-09-11T13:32:12.902Z] GET file:///Users/ruru/giloo-shorts-talk/index.html → 200 (1ms, 56684B)
[2026-09-11T13:32:12.905Z] GET https://fonts.googleapis.com/css2?family=Newsreader:opsz,wght@6..72,300;6..72,400;6..72,500;6..72,600&family=IBM+Plex+Sans:wght@400;500;600&family=Noto+Sans+TC:wght@300;400;500&display=swap → 200 (2ms, -698B)
[2026-09-11T13:32:12.912Z] GET https://fonts.gstatic.com/s/newsreader/v26/cY9AfjOCX1hbuyalUrK4397yjIJFJpc.woff2 → 200 (1ms, -816B)
[2026-09-11T13:32:12.912Z] GET https://fonts.gstatic.com/s/ibmplexsans/v23/zYXzKVElMYYaJe8bpLHnCwDKr932-G7dytD-Dmu1syxeKYbSB4Zh.woff2 → 200 (1ms, -815B)
[2026-09-11T13:32:12.912Z] GET https://fonts.gstatic.com/s/notosanstc/v39/-nF7OG829Oofr2wohFbTp9iFOisNA_cTyNromxqQuEMQ2wHYwbnmy1R1jDujLebozBXCo2qYhRo.118.woff2 → 200 (2ms, -815B)
[2026-09-11T13:32:12.912Z] GET https://fonts.gstatic.com/s/notosanstc/v39/-nF7OG829Oofr2wohFbTp9iFOisNA_cTyNromxqQuEMQ2wHYwbnmy1R1jDujLebozBXCo2qYhRo.116.woff2 → 200 (1ms, -815B)
[2026-09-11T13:32:12.912Z] GET https://fonts.gstatic.com/s/notosanstc/v39/-nF7OG829Oofr2wohFbTp9iFOisNA_cTyNromxqQuEMQ2wHYwbnmy1R1jDujLebozBXCo2qYhRo.117.woff2 → 200 (1ms, -815B)
[2026-09-11T13:32:12.912Z] GET https://fonts.gstatic.com/s/notosanstc/v39/-nF7OG829Oofr2wohFbTp9iFOisNA_cTyNromxqQuEMQ2wHYwbnmy1R1jDujLebozBXCo2qYhRo.119.woff2 → 200 (2ms, -815B)
[2026-09-11T13:32:12.913Z] GET https://fonts.gstatic.com/s/notosanstc/v39/-nF7OG829Oofr2wohFbTp9i1OCEKIfVZ1w.woff2 → 200 (?ms, -814B)
[2026-09-11T13:32:12.933Z] GET https://fonts.gstatic.com/s/notosanstc/v39/-nF7OG829Oofr2wohFbTp9iFOisNA_cTyNromxqQuEMQ2wHYwbnmy1R1jDujLebozBXCo2qYhRo.115.woff2 → 200 (?ms, -814B)
[2026-09-11T13:32:12.933Z] GET https://fonts.gstatic.com/s/notosanstc/v39/-nF7OG829Oofr2wohFbTp9iFOisNA_cTyNromxqQuEMQ2wHYwbnmy1R1jDujLebozBXCo2qYhRo.113.woff2 → 200 (?ms, -815B)
[2026-09-11T13:32:12.933Z] GET https://fonts.gstatic.com/s/notosanstc/v39/-nF7OG829Oofr2wohFbTp9iFOisNA_cTyNromxqQuEMQ2wHYwbnmy1R1jDujLebozBXCo2qYhRo.112.woff2 → 200 (1ms, -814B)
[2026-09-11T13:32:12.933Z] GET https://fonts.gstatic.com/s/notosanstc/v39/-nF7OG829Oofr2wohFbTp9iFOisNA_cTyNromxqQuEMQ2wHYwbnmy1R1jDujLebozBXCo2qYhRo.111.woff2 → 200 (1ms, -815B)
[2026-09-11T13:32:12.933Z] GET https://fonts.gstatic.com/s/notosanstc/v39/-nF7OG829Oofr2wohFbTp9iFOisNA_cTyNromxqQuEMQ2wHYwbnmy1R1jDujLebozBXCo2qYhRo.114.woff2 → 200 (1ms, -815B)
[2026-09-11T13:32:12.933Z] GET https://fonts.gstatic.com/s/notosanstc/v39/-nF7OG829Oofr2wohFbTp9iFOisNA_cTyNromxqQuEMQ2wHYwbnmy1R1jDujLebozBXCo2qYhRo.109.woff2 → 200 (1ms, -815B)
[2026-09-11T13:32:12.933Z] GET https://fonts.gstatic.com/s/notosanstc/v39/-nF7OG829Oofr2wohFbTp9iFOisNA_cTyNromxqQuEMQ2wHYwbnmy1R1jDujLebozBXCo2qYhRo.110.woff2 → 200 (1ms, -815B)
[2026-09-11T13:38:55.914Z] GET file:///Users/ruru/giloo-shorts-talk/index.html → 200 (1ms, 56684B)
[2026-09-11T13:38:55.921Z] GET https://fonts.googleapis.com/css2?family=Newsreader:opsz,wght@6..72,300;6..72,400;6..72,500;6..72,600&family=IBM+Plex+Sans:wght@400;500;600&family=Noto+Sans+TC:wght@300;400;500&display=swap → 200 (3ms, -698B)
[2026-09-11T13:38:55.952Z] GET https://fonts.gstatic.com/s/newsreader/v26/cY9AfjOCX1hbuyalUrK4397yjIJFJpc.woff2 → 200 (1ms, -816B)
[2026-09-11T13:38:55.952Z] GET https://fonts.gstatic.com/s/ibmplexsans/v23/zYXzKVElMYYaJe8bpLHnCwDKr932-G7dytD-Dmu1syxeKYbSB4Zh.woff2 → 200 (1ms, -815B)
[2026-09-11T13:38:55.952Z] GET https://fonts.gstatic.com/s/notosanstc/v39/-nF7OG829Oofr2wohFbTp9iFOisNA_cTyNromxqQuEMQ2wHYwbnmy1R1jDujLebozBXCo2qYhRo.118.woff2 → 200 (1ms, -815B)
[2026-09-11T13:38:55.952Z] GET https://fonts.gstatic.com/s/notosanstc/v39/-nF7OG829Oofr2wohFbTp9iFOisNA_cTyNromxqQuEMQ2wHYwbnmy1R1jDujLebozBXCo2qYhRo.116.woff2 → 200 (2ms, -815B)
[2026-09-11T13:38:55.953Z] GET https://fonts.gstatic.com/s/notosanstc/v39/-nF7OG829Oofr2wohFbTp9iFOisNA_cTyNromxqQuEMQ2wHYwbnmy1R1jDujLebozBXCo2qYhRo.117.woff2 → 200 (1ms, -815B)
[2026-09-11T13:38:55.953Z] GET https://fonts.gstatic.com/s/notosanstc/v39/-nF7OG829Oofr2wohFbTp9iFOisNA_cTyNromxqQuEMQ2wHYwbnmy1R1jDujLebozBXCo2qYhRo.119.woff2 → 200 (1ms, -815B)
[2026-09-11T13:38:55.953Z] GET https://fonts.gstatic.com/s/notosanstc/v39/-nF7OG829Oofr2wohFbTp9i1OCEKIfVZ1w.woff2 → 200 (1ms, -814B)
[2026-09-11T13:38:55.953Z] GET https://fonts.gstatic.com/s/notosanstc/v39/-nF7OG829Oofr2wohFbTp9iFOisNA_cTyNromxqQuEMQ2wHYwbnmy1R1jDujLebozBXCo2qYhRo.115.woff2 → 200 (2ms, -814B)
[2026-09-11T13:38:55.953Z] GET https://fonts.gstatic.com/s/notosanstc/v39/-nF7OG829Oofr2wohFbTp9iFOisNA_cTyNromxqQuEMQ2wHYwbnmy1R1jDujLebozBXCo2qYhRo.113.woff2 → 200 (2ms, -815B)
[2026-09-11T13:38:55.953Z] GET https://fonts.gstatic.com/s/notosanstc/v39/-nF7OG829Oofr2wohFbTp9iFOisNA_cTyNromxqQuEMQ2wHYwbnmy1R1jDujLebozBXCo2qYhRo.112.woff2 → 200 (2ms, -814B)
[2026-09-11T13:38:55.953Z] GET https://fonts.gstatic.com/s/notosanstc/v39/-nF7OG829Oofr2wohFbTp9iFOisNA_cTyNromxqQuEMQ2wHYwbnmy1R1jDujLebozBXCo2qYhRo.111.woff2 → 200 (3ms, -815B)
[2026-09-11T13:38:55.953Z] GET https://fonts.gstatic.com/s/notosanstc/v39/-nF7OG829Oofr2wohFbTp9iFOisNA_cTyNromxqQuEMQ2wHYwbnmy1R1jDujLebozBXCo2qYhRo.114.woff2 → 200 (3ms, -815B)
[2026-09-11T13:38:55.953Z] GET https://fonts.gstatic.com/s/notosanstc/v39/-nF7OG829Oofr2wohFbTp9iFOisNA_cTyNromxqQuEMQ2wHYwbnmy1R1jDujLebozBXCo2qYhRo.109.woff2 → 200 (3ms, -815B)
[2026-09-11T13:38:55.953Z] GET https://fonts.gstatic.com/s/notosanstc/v39/-nF7OG829Oofr2wohFbTp9iFOisNA_cTyNromxqQuEMQ2wHYwbnmy1R1jDujLebozBXCo2qYhRo.110.woff2 → 200 (3ms, -815B)
[2026-09-11T13:39:25.022Z] GET file:///Users/ruru/giloo-shorts-talk/index.html → 200 (?ms, 56684B)
[2026-09-11T13:39:25.025Z] GET https://fonts.googleapis.com/css2?family=Newsreader:opsz,wght@6..72,300;6..72,400;6..72,500;6..72,600&family=IBM+Plex+Sans:wght@400;500;600&family=Noto+Sans+TC:wght@300;400;500&display=swap → 200 (2ms, -698B)
[2026-09-11T13:39:25.031Z] GET https://fonts.gstatic.com/s/newsreader/v26/cY9AfjOCX1hbuyalUrK4397yjIJFJpc.woff2 → 200 (20ms, -816B)
[2026-09-11T13:39:25.032Z] GET https://fonts.gstatic.com/s/ibmplexsans/v23/zYXzKVElMYYaJe8bpLHnCwDKr932-G7dytD-Dmu1syxeKYbSB4Zh.woff2 → 200 (19ms, -815B)
[2026-09-11T13:39:25.032Z] GET https://fonts.gstatic.com/s/notosanstc/v39/-nF7OG829Oofr2wohFbTp9iFOisNA_cTyNromxqQuEMQ2wHYwbnmy1R1jDujLebozBXCo2qYhRo.118.woff2 → 200 (20ms, -815B)
[2026-09-11T13:39:25.032Z] GET https://fonts.gstatic.com/s/notosanstc/v39/-nF7OG829Oofr2wohFbTp9iFOisNA_cTyNromxqQuEMQ2wHYwbnmy1R1jDujLebozBXCo2qYhRo.116.woff2 → 200 (19ms, -815B)
[2026-09-11T13:39:25.032Z] GET https://fonts.gstatic.com/s/notosanstc/v39/-nF7OG829Oofr2wohFbTp9iFOisNA_cTyNromxqQuEMQ2wHYwbnmy1R1jDujLebozBXCo2qYhRo.117.woff2 → 200 (20ms, -815B)
[2026-09-11T13:39:25.032Z] GET https://fonts.gstatic.com/s/notosanstc/v39/-nF7OG829Oofr2wohFbTp9iFOisNA_cTyNromxqQuEMQ2wHYwbnmy1R1jDujLebozBXCo2qYhRo.119.woff2 → 200 (20ms, -815B)
[2026-09-11T13:39:25.032Z] GET https://fonts.gstatic.com/s/notosanstc/v39/-nF7OG829Oofr2wohFbTp9i1OCEKIfVZ1w.woff2 → 200 (20ms, -814B)
[2026-09-11T13:39:25.050Z] GET https://fonts.gstatic.com/s/notosanstc/v39/-nF7OG829Oofr2wohFbTp9iFOisNA_cTyNromxqQuEMQ2wHYwbnmy1R1jDujLebozBXCo2qYhRo.115.woff2 → 200 (2ms, -814B)
[2026-09-11T13:39:25.050Z] GET https://fonts.gstatic.com/s/notosanstc/v39/-nF7OG829Oofr2wohFbTp9iFOisNA_cTyNromxqQuEMQ2wHYwbnmy1R1jDujLebozBXCo2qYhRo.113.woff2 → 200 (4ms, -815B)
[2026-09-11T13:39:25.050Z] GET https://fonts.gstatic.com/s/notosanstc/v39/-nF7OG829Oofr2wohFbTp9iFOisNA_cTyNromxqQuEMQ2wHYwbnmy1R1jDujLebozBXCo2qYhRo.112.woff2 → 200 (3ms, -814B)
[2026-09-11T13:39:25.050Z] GET https://fonts.gstatic.com/s/notosanstc/v39/-nF7OG829Oofr2wohFbTp9iFOisNA_cTyNromxqQuEMQ2wHYwbnmy1R1jDujLebozBXCo2qYhRo.111.woff2 → 200 (3ms, -815B)
[2026-09-11T13:39:25.050Z] GET https://fonts.gstatic.com/s/notosanstc/v39/-nF7OG829Oofr2wohFbTp9iFOisNA_cTyNromxqQuEMQ2wHYwbnmy1R1jDujLebozBXCo2qYhRo.114.woff2 → 200 (4ms, -815B)
[2026-09-11T13:39:25.050Z] GET https://fonts.gstatic.com/s/notosanstc/v39/-nF7OG829Oofr2wohFbTp9iFOisNA_cTyNromxqQuEMQ2wHYwbnmy1R1jDujLebozBXCo2qYhRo.109.woff2 → 200 (4ms, -815B)
[2026-09-11T13:39:25.050Z] GET https://fonts.gstatic.com/s/notosanstc/v39/-nF7OG829Oofr2wohFbTp9iFOisNA_cTyNromxqQuEMQ2wHYwbnmy1R1jDujLebozBXCo2qYhRo.110.woff2 → 200 (4ms, -815B)
[2026-09-11T13:39:49.141Z] GET https://rurushih0422-create.github.io/giloo-intro/ → pending (?ms, ?B)
[2026-09-11T13:39:49.575Z] GET https://fonts.googleapis.com/css2?family=Newsreader:opsz,wght@6..72,300;6..72,400;6..72,500;6..72,600&family=IBM+Plex+Sans:wght@400;500;600;700&family=Noto+Sans+TC:wght@300;400;500&display=swap → 200 (132ms, 100627B)
[2026-09-11T13:39:49.575Z] GET https://rurushih0422-create.github.io/giloo-intro/giloo-newsletter.png → 200 (300ms, 951697B)
[2026-09-11T13:39:49.575Z] GET https://rurushih0422-create.github.io/giloo-intro/giloo-notes2.png → 200 (300ms, 1220017B)
[2026-09-11T13:39:49.578Z] GET https://rurushih0422-create.github.io/giloo-intro/giloo-judicial.png → 200 (297ms, ?B)
[2026-09-11T13:39:49.578Z] GET https://rurushih0422-create.github.io/giloo-intro/giloo-festival-montage.png → 200 (342ms, ?B)
[2026-09-11T13:39:49.578Z] GET https://rurushih0422-create.github.io/giloo-intro/giloo-watchparty2.png → 200 (297ms, ?B)
[2026-09-11T13:39:49.578Z] GET https://rurushih0422-create.github.io/giloo-intro/posters/kinmen.jpg → 200 (269ms, 39864B)
[2026-09-11T13:39:49.578Z] GET https://rurushih0422-create.github.io/giloo-intro/posters/nineshots.jpg → 200 (297ms, ?B)
[2026-09-11T13:39:49.578Z] GET https://rurushih0422-create.github.io/giloo-intro/posters/condemnedson.jpg → 200 (642ms, ?B)
[2026-09-11T13:39:49.578Z] GET https://rurushih0422-create.github.io/giloo-intro/posters/blackbox.jpg → 200 (642ms, ?B)
[2026-09-11T13:39:49.578Z] GET https://rurushih0422-create.github.io/giloo-intro/giloo-belami-merch.png → 200 (685ms, ?B)
[2026-09-11T13:39:49.578Z] GET https://rurushih0422-create.github.io/giloo-intro/giloo-creator-profile.png → 200 (668ms, ?B)
[2026-09-11T13:39:49.578Z] GET https://rurushih0422-create.github.io/giloo-intro/giloo-creator-film.png → 200 (642ms, ?B)
[2026-09-11T13:39:49.578Z] GET https://rurushih0422-create.github.io/giloo-intro/giloo-creator-support.png → 200 (642ms, ?B)
[2026-09-11T13:39:49.578Z] GET https://rurushih0422-create.github.io/giloo-intro/giloo-partner-hero.jpg → 200 (594ms, ?B)
[2026-09-11T13:39:49.843Z] GET https://fonts.gstatic.com/s/newsreader/v26/cY9AfjOCX1hbuyalUrK4397yjIJFJpc.woff2 → 200 (2ms, -816B)
[2026-09-11T13:39:49.844Z] GET https://fonts.gstatic.com/s/ibmplexsans/v23/zYXzKVElMYYaJe8bpLHnCwDKr932-G7dytD-Dmu1syxeKYbSB4Zh.woff2 → 200 (1ms, -815B)
[2026-09-11T13:39:49.844Z] GET https://rurushih0422-create.github.io/giloo-intro/giloo-logo-white.png → 200 (394ms, 5948B)
[2026-09-11T13:39:49.844Z] GET https://rurushih0422-create.github.io/giloo-intro/giloo-logo.png → 200 (383ms, ?B)
[2026-09-11T13:39:49.844Z] GET https://rurushih0422-create.github.io/giloo-intro/giloo-taipei-litfilm.png → 200 (439ms, ?B)
[2026-09-11T13:39:49.844Z] GET https://rurushih0422-create.github.io/giloo-intro/giloo-platform.png → 200 (502ms, ?B)
[2026-09-11T13:39:49.844Z] GET https://rurushih0422-create.github.io/giloo-intro/giloo-nuit-blanche.jpg → 200 (419ms, ?B)
[2026-09-11T13:39:49.844Z] GET https://rurushih0422-create.github.io/giloo-intro/giloo-paris.png → 200 (383ms, ?B)
[2026-09-11T13:39:49.844Z] GET https://fonts.gstatic.com/s/notosanstc/v39/-nF7OG829Oofr2wohFbTp9iFOisNA_cTyNromxqQuEMQ2wHYwbnmy1R1jDujLebozBXCo2qYhRo.119.woff2 → 200 (1ms, -815B)
[2026-09-11T13:39:49.844Z] GET https://fonts.gstatic.com/s/notosanstc/v39/-nF7OG829Oofr2wohFbTp9i1OCEKIfVZ1w.woff2 → 200 (1ms, -814B)
[2026-09-11T13:39:49.844Z] GET https://fonts.gstatic.com/s/notosanstc/v39/-nF7OG829Oofr2wohFbTp9iFOisNA_cTyNromxqQuEMQ2wHYwbnmy1R1jDujLebozBXCo2qYhRo.118.woff2 → 200 (1ms, -815B)
[2026-09-11T13:39:49.844Z] GET https://fonts.gstatic.com/s/notosanstc/v39/-nF7OG829Oofr2wohFbTp9iFOisNA_cTyNromxqQuEMQ2wHYwbnmy1R1jDujLebozBXCo2qYhRo.117.woff2 → 200 (1ms, -815B)
[2026-09-11T13:39:49.844Z] GET https://fonts.gstatic.com/s/notosanstc/v39/-nF7OG829Oofr2wohFbTp9iFOisNA_cTyNromxqQuEMQ2wHYwbnmy1R1jDujLebozBXCo2qYhRo.116.woff2 → 200 (2ms, -815B)
[2026-09-11T13:39:49.844Z] GET https://fonts.gstatic.com/s/notosanstc/v39/-nF7OG829Oofr2wohFbTp9iFOisNA_cTyNromxqQuEMQ2wHYwbnmy1R1jDujLebozBXCo2qYhRo.112.woff2 → 200 (2ms, -814B)
[2026-09-11T13:39:49.844Z] GET https://fonts.gstatic.com/s/notosanstc/v39/-nF7OG829Oofr2wohFbTp9iFOisNA_cTyNromxqQuEMQ2wHYwbnmy1R1jDujLebozBXCo2qYhRo.115.woff2 → 200 (2ms, -814B)
[2026-09-11T13:39:49.844Z] GET https://fonts.gstatic.com/s/notosanstc/v39/-nF7OG829Oofr2wohFbTp9iFOisNA_cTyNromxqQuEMQ2wHYwbnmy1R1jDujLebozBXCo2qYhRo.113.woff2 → 200 (2ms, -815B)
[2026-09-11T13:39:49.844Z] GET https://fonts.gstatic.com/s/notosanstc/v39/-nF7OG829Oofr2wohFbTp9iFOisNA_cTyNromxqQuEMQ2wHYwbnmy1R1jDujLebozBXCo2qYhRo.111.woff2 → 200 (2ms, -815B)
[2026-09-11T13:39:49.844Z] GET https://fonts.gstatic.com/s/notosanstc/v39/-nF7OG829Oofr2wohFbTp9iFOisNA_cTyNromxqQuEMQ2wHYwbnmy1R1jDujLebozBXCo2qYhRo.114.woff2 → 200 (2ms, -815B)
[2026-09-11T13:39:49.844Z] GET https://fonts.gstatic.com/s/notosanstc/v39/-nF7OG829Oofr2wohFbTp9iFOisNA_cTyNromxqQuEMQ2wHYwbnmy1R1jDujLebozBXCo2qYhRo.104.woff2 → 200 (251ms, 68845B)
[2026-09-11T13:39:49.844Z] GET https://fonts.gstatic.com/s/notosanstc/v39/-nF7OG829Oofr2wohFbTp9iFOisNA_cTyNromxqQuEMQ2wHYwbnmy1R1jDujLebozBXCo2qYhRo.109.woff2 → 200 (3ms, -815B)
[2026-09-11T13:39:49.845Z] GET https://fonts.gstatic.com/s/ibmplexsans/v23/zYXzKVElMYYaJe8bpLHnCwDKr932-G7dytD-Dmu1syxQKYbSB4ZhRNU.woff2 → 200 (222ms, 25897B)
[2026-09-11T13:39:49.845Z] GET https://fonts.gstatic.com/s/notosanstc/v39/-nF7OG829Oofr2wohFbTp9iFOisNA_cTyNromxqQuEMQ2wHYwbnmy1R1jDujLebozBXCo2qYhRo.69.woff2 → 200 (223ms, 45116B)
[2026-09-11T13:39:49.845Z] GET https://fonts.gstatic.com/s/notosanstc/v39/-nF7OG829Oofr2wohFbTp9iFOisNA_cTyNromxqQuEMQ2wHYwbnmy1R1jDujLebozBXCo2qYhRo.108.woff2 → 200 (260ms, 72633B)
[2026-09-11T13:43:09.710Z] GET file:///Users/ruru/giloo-shorts-talk/index.html → 200 (1ms, 56684B)
[2026-09-11T13:43:09.757Z] GET https://fonts.googleapis.com/css2?family=Newsreader:opsz,wght@6..72,300;6..72,400;6..72,500;6..72,600&family=IBM+Plex+Sans:wght@400;500;600&family=Noto+Sans+TC:wght@300;400;500&display=swap → 200 (3ms, -698B)
[2026-09-11T13:43:09.811Z] GET https://fonts.gstatic.com/s/newsreader/v26/cY9AfjOCX1hbuyalUrK4397yjIJFJpc.woff2 → 200 (2ms, -816B)
[2026-09-11T13:43:09.811Z] GET https://fonts.gstatic.com/s/ibmplexsans/v23/zYXzKVElMYYaJe8bpLHnCwDKr932-G7dytD-Dmu1syxeKYbSB4Zh.woff2 → 200 (2ms, -815B)
[2026-09-11T13:43:12.938Z] GET https://rurushih0422-create.github.io/giloo-intro/?v=1789134192 → 200 (243ms, 19097B)
[2026-09-11T13:43:13.193Z] GET https://fonts.googleapis.com/css2?family=Newsreader:opsz,wght@6..72,300;6..72,400;6..72,500;6..72,600&family=IBM+Plex+Sans:wght@400;500;600;700&family=Noto+Sans+TC:wght@300;400;500&display=swap → 200 (2ms, -698B)
[2026-09-11T13:43:13.193Z] GET https://rurushih0422-create.github.io/giloo-intro/giloo-newsletter.png → 200 (2ms, -649B)
[2026-09-11T13:43:13.193Z] GET https://rurushih0422-create.github.io/giloo-intro/giloo-notes2.png → 200 (2ms, -672B)
[2026-09-11T13:43:13.193Z] GET https://rurushih0422-create.github.io/giloo-intro/giloo-judicial.png → 200 (7ms, -651B)
[2026-09-11T13:43:13.193Z] GET https://rurushih0422-create.github.io/giloo-intro/giloo-festival-montage.png → 200 (7ms, -670B)
[2026-09-11T13:43:13.193Z] GET https://rurushih0422-create.github.io/giloo-intro/giloo-watchparty2.png → 200 (7ms, -651B)
[2026-09-11T13:43:13.194Z] GET https://rurushih0422-create.github.io/giloo-intro/posters/kinmen.jpg → 200 (6ms, -647B)
[2026-09-11T13:43:13.194Z] GET https://rurushih0422-create.github.io/giloo-intro/posters/nineshots.jpg → 200 (7ms, -671B)
[2026-09-11T13:43:13.194Z] GET https://rurushih0422-create.github.io/giloo-intro/posters/condemnedson.jpg → 200 (7ms, -649B)
[2026-09-11T13:43:13.194Z] GET https://rurushih0422-create.github.io/giloo-intro/posters/blackbox.jpg → 200 (7ms, -671B)
[2026-09-11T13:43:13.194Z] GET https://rurushih0422-create.github.io/giloo-intro/giloo-belami-merch.png → 200 (7ms, -651B)
[2026-09-11T13:43:13.194Z] GET https://rurushih0422-create.github.io/giloo-intro/giloo-creator-profile.png → 200 (7ms, -670B)
[2026-09-11T13:43:13.194Z] GET https://rurushih0422-create.github.io/giloo-intro/giloo-creator-film.png → 200 (8ms, -670B)
[2026-09-11T13:43:13.195Z] GET https://rurushih0422-create.github.io/giloo-intro/giloo-creator-support.png → 200 (7ms, -648B)
[2026-09-11T13:43:13.195Z] GET https://rurushih0422-create.github.io/giloo-intro/giloo-partner-hero.jpg → 200 (7ms, -671B)
[2026-09-11T13:43:13.252Z] GET https://fonts.gstatic.com/s/newsreader/v26/cY9AfjOCX1hbuyalUrK4397yjIJFJpc.woff2 → 200 (1ms, -816B)
[2026-09-11T13:43:13.252Z] GET https://fonts.gstatic.com/s/ibmplexsans/v23/zYXzKVElMYYaJe8bpLHnCwDKr932-G7dytD-Dmu1syxeKYbSB4Zh.woff2 → 200 (1ms, -815B)
[2026-09-11T13:43:13.252Z] GET https://rurushih0422-create.github.io/giloo-intro/giloo-logo-white.png → 200 (2ms, -644B)
[2026-09-11T13:43:13.252Z] GET https://rurushih0422-create.github.io/giloo-intro/giloo-logo.png → 200 (2ms, -668B)
[2026-09-11T13:43:13.252Z] GET https://rurushih0422-create.github.io/giloo-intro/giloo-taipei-litfilm.png → 200 (2ms, -651B)
[2026-09-11T13:43:13.252Z] GET https://rurushih0422-create.github.io/giloo-intro/giloo-platform.png → 200 (2ms, -651B)
[2026-09-11T13:43:13.252Z] GET https://rurushih0422-create.github.io/giloo-intro/giloo-nuit-blanche.jpg → 200 (3ms, -650B)
[2026-09-11T13:43:13.252Z] GET https://rurushih0422-create.github.io/giloo-intro/giloo-paris.png → 200 (3ms, -671B)
[2026-09-11T13:43:13.252Z] GET https://fonts.gstatic.com/s/ibmplexsans/v23/zYXzKVElMYYaJe8bpLHnCwDKr932-G7dytD-Dmu1syxQKYbSB4ZhRNU.woff2 → 200 (3ms, -815B)
